Archive member included to satisfy reference by file (symbol)

d:/arm/stm32cubeide_1.7.0/stm32cubeide/plugins/com.st.stm32cube.ide.mcu.externaltools.gnu-tools-for-stm32.9-2020-q2-update.win32_2.0.0.202105311346/tools/bin/../lib/gcc/arm-none-eabi/9.3.1/../../../../arm-none-eabi/lib/thumb/v7-m/nofp\libc_nano.a(lib_a-errno.o)
                              ./Core/Src/syscalls.o (__errno)
d:/arm/stm32cubeide_1.7.0/stm32cubeide/plugins/com.st.stm32cube.ide.mcu.externaltools.gnu-tools-for-stm32.9-2020-q2-update.win32_2.0.0.202105311346/tools/bin/../lib/gcc/arm-none-eabi/9.3.1/../../../../arm-none-eabi/lib/thumb/v7-m/nofp\libc_nano.a(lib_a-exit.o)
                              d:/arm/stm32cubeide_1.7.0/stm32cubeide/plugins/com.st.stm32cube.ide.mcu.externaltools.gnu-tools-for-stm32.9-2020-q2-update.win32_2.0.0.202105311346/tools/bin/../lib/gcc/arm-none-eabi/9.3.1/../../../../arm-none-eabi/lib/thumb/v7-m/nofp/crt0.o (exit)
d:/arm/stm32cubeide_1.7.0/stm32cubeide/plugins/com.st.stm32cube.ide.mcu.externaltools.gnu-tools-for-stm32.9-2020-q2-update.win32_2.0.0.202105311346/tools/bin/../lib/gcc/arm-none-eabi/9.3.1/../../../../arm-none-eabi/lib/thumb/v7-m/nofp\libc_nano.a(lib_a-impure.o)
                              d:/arm/stm32cubeide_1.7.0/stm32cubeide/plugins/com.st.stm32cube.ide.mcu.externaltools.gnu-tools-for-stm32.9-2020-q2-update.win32_2.0.0.202105311346/tools/bin/../lib/gcc/arm-none-eabi/9.3.1/../../../../arm-none-eabi/lib/thumb/v7-m/nofp\libc_nano.a(lib_a-exit.o) (_global_impure_ptr)
d:/arm/stm32cubeide_1.7.0/stm32cubeide/plugins/com.st.stm32cube.ide.mcu.externaltools.gnu-tools-for-stm32.9-2020-q2-update.win32_2.0.0.202105311346/tools/bin/../lib/gcc/arm-none-eabi/9.3.1/../../../../arm-none-eabi/lib/thumb/v7-m/nofp\libc_nano.a(lib_a-init.o)
                              d:/arm/stm32cubeide_1.7.0/stm32cubeide/plugins/com.st.stm32cube.ide.mcu.externaltools.gnu-tools-for-stm32.9-2020-q2-update.win32_2.0.0.202105311346/tools/bin/../lib/gcc/arm-none-eabi/9.3.1/../../../../arm-none-eabi/lib/thumb/v7-m/nofp/crt0.o (__libc_init_array)
d:/arm/stm32cubeide_1.7.0/stm32cubeide/plugins/com.st.stm32cube.ide.mcu.externaltools.gnu-tools-for-stm32.9-2020-q2-update.win32_2.0.0.202105311346/tools/bin/../lib/gcc/arm-none-eabi/9.3.1/../../../../arm-none-eabi/lib/thumb/v7-m/nofp\libc_nano.a(lib_a-memset.o)
                              d:/arm/stm32cubeide_1.7.0/stm32cubeide/plugins/com.st.stm32cube.ide.mcu.externaltools.gnu-tools-for-stm32.9-2020-q2-update.win32_2.0.0.202105311346/tools/bin/../lib/gcc/arm-none-eabi/9.3.1/../../../../arm-none-eabi/lib/thumb/v7-m/nofp/crt0.o (memset)
d:/arm/stm32cubeide_1.7.0/stm32cubeide/plugins/com.st.stm32cube.ide.mcu.externaltools.gnu-tools-for-stm32.9-2020-q2-update.win32_2.0.0.202105311346/tools/bin/../lib/gcc/arm-none-eabi/9.3.1/../../../../arm-none-eabi/lib/thumb/v7-m/nofp\libc_nano.a(lib_a-sprintf.o)
                              ./Core/Src/stm32f1xx_it.o (sprintf)
d:/arm/stm32cubeide_1.7.0/stm32cubeide/plugins/com.st.stm32cube.ide.mcu.externaltools.gnu-tools-for-stm32.9-2020-q2-update.win32_2.0.0.202105311346/tools/bin/../lib/gcc/arm-none-eabi/9.3.1/../../../../arm-none-eabi/lib/thumb/v7-m/nofp\libc_nano.a(lib_a-strlen.o)
                              ./Core/Src/main.o (strlen)
d:/arm/stm32cubeide_1.7.0/stm32cubeide/plugins/com.st.stm32cube.ide.mcu.externaltools.gnu-tools-for-stm32.9-2020-q2-update.win32_2.0.0.202105311346/tools/bin/../lib/gcc/arm-none-eabi/9.3.1/../../../../arm-none-eabi/lib/thumb/v7-m/nofp\libc_nano.a(lib_a-nano-svfprintf.o)
                              d:/arm/stm32cubeide_1.7.0/stm32cubeide/plugins/com.st.stm32cube.ide.mcu.externaltools.gnu-tools-for-stm32.9-2020-q2-update.win32_2.0.0.202105311346/tools/bin/../lib/gcc/arm-none-eabi/9.3.1/../../../../arm-none-eabi/lib/thumb/v7-m/nofp\libc_nano.a(lib_a-sprintf.o) (_svfprintf_r)
d:/arm/stm32cubeide_1.7.0/stm32cubeide/plugins/com.st.stm32cube.ide.mcu.externaltools.gnu-tools-for-stm32.9-2020-q2-update.win32_2.0.0.202105311346/tools/bin/../lib/gcc/arm-none-eabi/9.3.1/../../../../arm-none-eabi/lib/thumb/v7-m/nofp\libc_nano.a(lib_a-nano-vfprintf_i.o)
                              d:/arm/stm32cubeide_1.7.0/stm32cubeide/plugins/com.st.stm32cube.ide.mcu.externaltools.gnu-tools-for-stm32.9-2020-q2-update.win32_2.0.0.202105311346/tools/bin/../lib/gcc/arm-none-eabi/9.3.1/../../../../arm-none-eabi/lib/thumb/v7-m/nofp\libc_nano.a(lib_a-nano-svfprintf.o) (_printf_i)
d:/arm/stm32cubeide_1.7.0/stm32cubeide/plugins/com.st.stm32cube.ide.mcu.externaltools.gnu-tools-for-stm32.9-2020-q2-update.win32_2.0.0.202105311346/tools/bin/../lib/gcc/arm-none-eabi/9.3.1/../../../../arm-none-eabi/lib/thumb/v7-m/nofp\libc_nano.a(lib_a-memchr-stub.o)
                              d:/arm/stm32cubeide_1.7.0/stm32cubeide/plugins/com.st.stm32cube.ide.mcu.externaltools.gnu-tools-for-stm32.9-2020-q2-update.win32_2.0.0.202105311346/tools/bin/../lib/gcc/arm-none-eabi/9.3.1/../../../../arm-none-eabi/lib/thumb/v7-m/nofp\libc_nano.a(lib_a-nano-svfprintf.o) (memchr)
[...]
Memory Configuration

Name             Origin             Length             Attributes
RAM              0x0000000020000000 0x000000000000c000 xrw
FLASH            0x0000000008000000 0x0000000000040000 xr
*default*        0x0000000000000000 0xffffffffffffffff

Linker script and memory map

LOAD d:/arm/stm32cubeide_1.7.0/stm32cubeide/plugins/com.st.stm32cube.ide.mcu.externaltools.gnu-tools-for-stm32.9-2020-q2-update.win32_2.0.0.202105311346/tools/bin/../lib/gcc/arm-none-eabi/9.3.1/thumb/v7-m/nofp/crti.o
LOAD d:/arm/stm32cubeide_1.7.0/stm32cubeide/plugins/com.st.stm32cube.ide.mcu.externaltools.gnu-tools-for-stm32.9-2020-q2-update.win32_2.0.0.202105311346/tools/bin/../lib/gcc/arm-none-eabi/9.3.1/thumb/v7-m/nofp/crtbegin.o
LOAD d:/arm/stm32cubeide_1.7.0/stm32cubeide/plugins/com.st.stm32cube.ide.mcu.externaltools.gnu-tools-for-stm32.9-2020-q2-update.win32_2.0.0.202105311346/tools/bin/../lib/gcc/arm-none-eabi/9.3.1/../../../../arm-none-eabi/lib/thumb/v7-m/nofp/crt0.o
LOAD ./Core/Src/gpio.o
LOAD ./Core/Src/lcd.o
LOAD ./Core/Src/main.o
LOAD ./Core/Src/stm32f1xx_hal_msp.o
LOAD ./Core/Src/stm32f1xx_it.o
LOAD ./Core/Src/syscalls.o
LOAD ./Core/Src/sysmem.o
LOAD ./Core/Src/system_stm32f1xx.o
LOAD ./Core/Src/usart.o
LOAD ./Core/Startup/startup_stm32f103rctx.o
LOAD ./Drivers/STM32F1xx_HAL_Driver/Src/stm32f1xx_hal.o
LOAD ./Drivers/STM32F1xx_HAL_Driver/Src/stm32f1xx_hal_cortex.o
LOAD ./Drivers/STM32F1xx_HAL_Driver/Src/stm32f1xx_hal_dma.o
LOAD ./Drivers/STM32F1xx_HAL_Driver/Src/stm32f1xx_hal_exti.o
LOAD ./Drivers/STM32F1xx_HAL_Driver/Src/stm32f1xx_hal_flash.o
LOAD ./Drivers/STM32F1xx_HAL_Driver/Src/stm32f1xx_hal_flash_ex.o
LOAD ./Drivers/STM32F1xx_HAL_Driver/Src/stm32f1xx_hal_gpio.o
LOAD ./Drivers/STM32F1xx_HAL_Driver/Src/stm32f1xx_hal_gpio_ex.o
LOAD ./Drivers/STM32F1xx_HAL_Driver/Src/stm32f1xx_hal_pwr.o
LOAD ./Drivers/STM32F1xx_HAL_Driver/Src/stm32f1xx_hal_rcc.o
LOAD ./Drivers/STM32F1xx_HAL_Driver/Src/stm32f1xx_hal_rcc_ex.o
LOAD ./Drivers/STM32F1xx_HAL_Driver/Src/stm32f1xx_hal_tim.o
LOAD ./Drivers/STM32F1xx_HAL_Driver/Src/stm32f1xx_hal_tim_ex.o
LOAD ./Drivers/STM32F1xx_HAL_Driver/Src/stm32f1xx_hal_uart.o
START GROUP
LOAD d:/arm/stm32cubeide_1.7.0/stm32cubeide/plugins/com.st.stm32cube.ide.mcu.externaltools.gnu-tools-for-stm32.9-2020-q2-update.win32_2.0.0.202105311346/tools/bin/../lib/gcc/arm-none-eabi/9.3.1/../../../../arm-none-eabi/lib/thumb/v7-m/nofp\libc_nano.a
LOAD d:/arm/stm32cubeide_1.7.0/stm32cubeide/plugins/com.st.stm32cube.ide.mcu.externaltools.gnu-tools-for-stm32.9-2020-q2-update.win32_2.0.0.202105311346/tools/bin/../lib/gcc/arm-none-eabi/9.3.1/../../../../arm-none-eabi/lib/thumb/v7-m/nofp\libm.a
END GROUP
START GROUP
LOAD d:/arm/stm32cubeide_1.7.0/stm32cubeide/plugins/com.st.stm32cube.ide.mcu.externaltools.gnu-tools-for-stm32.9-2020-q2-update.win32_2.0.0.202105311346/tools/bin/../lib/gcc/arm-none-eabi/9.3.1/thumb/v7-m/nofp\libgcc.a
LOAD d:/arm/stm32cubeide_1.7.0/stm32cubeide/plugins/com.st.stm32cube.ide.mcu.externaltools.gnu-tools-for-stm32.9-2020-q2-update.win32_2.0.0.202105311346/tools/bin/../lib/gcc/arm-none-eabi/9.3.1/../../../../arm-none-eabi/lib/thumb/v7-m/nofp\libc_nano.a
END GROUP
START GROUP
LOAD d:/arm/stm32cubeide_1.7.0/stm32cubeide/plugins/com.st.stm32cube.ide.mcu.externaltools.gnu-tools-for-stm32.9-2020-q2-update.win32_2.0.0.202105311346/tools/bin/../lib/gcc/arm-none-eabi/9.3.1/thumb/v7-m/nofp\libgcc.a
LOAD d:/arm/stm32cubeide_1.7.0/stm32cubeide/plugins/com.st.stm32cube.ide.mcu.externaltools.gnu-tools-for-stm32.9-2020-q2-update.win32_2.0.0.202105311346/tools/bin/../lib/gcc/arm-none-eabi/9.3.1/../../../../arm-none-eabi/lib/thumb/v7-m/nofp\libc_nano.a
LOAD d:/arm/stm32cubeide_1.7.0/stm32cubeide/plugins/com.st.stm32cube.ide.mcu.externaltools.gnu-tools-for-stm32.9-2020-q2-update.win32_2.0.0.202105311346/tools/bin/../lib/gcc/arm-none-eabi/9.3.1/../../../../arm-none-eabi/lib/thumb/v7-m/nofp\libnosys.a
END GROUP
START GROUP
LOAD d:/arm/stm32cubeide_1.7.0/stm32cubeide/plugins/com.st.stm32cube.ide.mcu.externaltools.gnu-tools-for-stm32.9-2020-q2-update.win32_2.0.0.202105311346/tools/bin/../lib/gcc/arm-none-eabi/9.3.1/thumb/v7-m/nofp\libgcc.a
LOAD d:/arm/stm32cubeide_1.7.0/stm32cubeide/plugins/com.st.stm32cube.ide.mcu.externaltools.gnu-tools-for-stm32.9-2020-q2-update.win32_2.0.0.202105311346/tools/bin/../lib/gcc/arm-none-eabi/9.3.1/../../../../arm-none-eabi/lib/thumb/v7-m/nofp\libc_nano.a
LOAD d:/arm/stm32cubeide_1.7.0/stm32cubeide/plugins/com.st.stm32cube.ide.mcu.externaltools.gnu-tools-for-stm32.9-2020-q2-update.win32_2.0.0.202105311346/tools/bin/../lib/gcc/arm-none-eabi/9.3.1/../../../../arm-none-eabi/lib/thumb/v7-m/nofp\libnosys.a
END GROUP
LOAD d:/arm/stm32cubeide_1.7.0/stm32cubeide/plugins/com.st.stm32cube.ide.mcu.externaltools.gnu-tools-for-stm32.9-2020-q2-update.win32_2.0.0.202105311346/tools/bin/../lib/gcc/arm-none-eabi/9.3.1/thumb/v7-m/nofp/crtend.o
LOAD d:/arm/stm32cubeide_1.7.0/stm32cubeide/plugins/com.st.stm32cube.ide.mcu.externaltools.gnu-tools-for-stm32.9-2020-q2-update.win32_2.0.0.202105311346/tools/bin/../lib/gcc/arm-none-eabi/9.3.1/thumb/v7-m/nofp/crtn.o
                0x000000002000c000                _estack = (ORIGIN (RAM) + LENGTH (RAM))
                0x0000000000000200                _Min_Heap_Size = 0x200
                0x0000000000000400                _Min_Stack_Size = 0x400

.isr_vector     0x0000000008000000      0x1e4
                0x0000000008000000                . = ALIGN (0x4)
 *(.isr_vector)
 .isr_vector    0x0000000008000000      0x1e4 ./Core/Startup/startup_stm32f103rctx.o
                0x0000000008000000                g_pfnVectors
                0x00000000080001e4                . = ALIGN (0x4)

.text           0x00000000080001e8     0x8bcc
                0x00000000080001e8                . = ALIGN (0x4)
 *(.text)
 .text          0x00000000080001e8       0x40 d:/arm/stm32cubeide_1.7.0/stm32cubeide/plugins/com.st.stm32cube.ide.mcu.externaltools.gnu-tools-for-stm32.9-2020-q2-update.win32_2.0.0.202105311346/tools/bin/../lib/gcc/arm-none-eabi/9.3.1/thumb/v7-m/nofp/crtbegin.o
 .text          0x0000000008000228       0x10 d:/arm/stm32cubeide_1.7.0/stm32cubeide/plugins/com.st.stm32cube.ide.mcu.externaltools.gnu-tools-for-stm32.9-2020-q2-update.win32_2.0.0.202105311346/tools/bin/../lib/gcc/arm-none-eabi/9.3.1/../../../../arm-none-eabi/lib/thumb/v7-m/nofp\libc_nano.a(lib_a-strlen.o)
                0x0000000008000228                strlen
 .text          0x0000000008000238      0x254 d:/arm/stm32cubeide_1.7.0/stm32cubeide/plugins/com.st.stm32cube.ide.mcu.externaltools.gnu-tools-for-stm32.9-2020-q2-update.win32_2.0.0.202105311346/tools/bin/../lib/gcc/arm-none-eabi/9.3.1/thumb/v7-m/nofp\libgcc.a(_arm_muldf3.o)
                0x0000000008000238                __muldf3
                0x0000000008000238                __aeabi_dmul
 .text          0x000000000800048c      0x378 d:/arm/stm32cubeide_1.7.0/stm32cubeide/plugins/com.st.stm32cube.ide.mcu.externaltools.gnu-tools-for-stm32.9-2020-q2-update.win32_2.0.0.202105311346/tools/bin/../lib/gcc/arm-none-eabi/9.3.1/thumb/v7-m/nofp\libgcc.a(_arm_addsubdf3.o)
                0x000000000800048c                __aeabi_drsub
                0x0000000008000494                __aeabi_dsub
                0x0000000008000494                __subdf3
                0x0000000008000498                __aeabi_dadd
                0x0000000008000498                __adddf3
                0x0000000008000710                __floatunsidf
                0x0000000008000710                __aeabi_ui2d
                0x0000000008000730                __floatsidf
                0x0000000008000730                __aeabi_i2d
                0x0000000008000754                __aeabi_f2d
                0x0000000008000754                __extendsfdf2
                0x0000000008000798                __floatundidf
                0x0000000008000798                __aeabi_ul2d
                0x00000000080007a8                __floatdidf
                0x00000000080007a8                __aeabi_l2d
 .text          0x0000000008000804       0x40 d:/arm/stm32cubeide_1.7.0/stm32cubeide/plugins/com.st.stm32cube.ide.mcu.externaltools.gnu-tools-for-stm32.9-2020-q2-update.win32_2.0.0.202105311346/tools/bin/../lib/gcc/arm-none-eabi/9.3.1/thumb/v7-m/nofp\libgcc.a(_arm_fixunsdfsi.o)
                0x0000000008000804                __aeabi_d2uiz
                0x0000000008000804                __fixunsdfsi
 *(.text*)
 .text.MX_GPIO_Init
                0x0000000008000844       0x44 ./Core/Src/gpio.o
                0x0000000008000844                MX_GPIO_Init
 .text.LCD_WR_REG
                0x0000000008000888       0x48 ./Core/Src/lcd.o
                0x0000000008000888                LCD_WR_REG
 .text.LCD_WR_DATAX
                0x00000000080008d0       0x48 ./Core/Src/lcd.o
                0x00000000080008d0                LCD_WR_DATAX
 .text.LCD_RD_DATA
                0x0000000008000918       0x88 ./Core/Src/lcd.o
                0x0000000008000918                LCD_RD_DATA
 .text.LCD_WriteReg
                0x00000000080009a0       0x54 ./Core/Src/lcd.o
                0x00000000080009a0                LCD_WriteReg
 .text.LCD_ReadReg
                0x00000000080009f4       0x20 ./Core/Src/lcd.o
                0x00000000080009f4                LCD_ReadReg
 .text.LCD_WriteRAM_Prepare
                0x0000000008000a14       0x18 ./Core/Src/lcd.o
                0x0000000008000a14                LCD_WriteRAM_Prepare
 .text.LCD_SetCursor
                0x0000000008000a2c      0x598 ./Core/Src/lcd.o
                0x0000000008000a2c                LCD_SetCursor
 .text.LCD_Scan_Dir
                0x0000000008000fc4      0x624 ./Core/Src/lcd.o
                0x0000000008000fc4                LCD_Scan_Dir
 .text.LCD_DrawPoint
                0x00000000080015e8       0x60 ./Core/Src/lcd.o
                0x00000000080015e8                LCD_DrawPoint
 .text.LCD_Fast_DrawPoint
                0x0000000008001648      0x52c ./Core/Src/lcd.o
                0x0000000008001648                LCD_Fast_DrawPoint
 *fill*         0x0000000008001b74        0x4 
 .text.LCD_SSD_BackLightSet
                0x0000000008001b78      0x148 ./Core/Src/lcd.o
                0x0000000008001b78                LCD_SSD_BackLightSet
 .text.LCD_Display_Dir
                0x0000000008001cc0      0x218 ./Core/Src/lcd.o
                0x0000000008001cc0                LCD_Display_Dir
 .text.LCD_Init
                0x0000000008001ed8     0x3e5c ./Core/Src/lcd.o
                0x0000000008001ed8                LCD_Init
 .text.LCD_Clear
                0x0000000008005d34       0xc4 ./Core/Src/lcd.o
                0x0000000008005d34                LCD_Clear
 .text.LCD_Fill
                0x0000000008005df8      0x11c ./Core/Src/lcd.o
                0x0000000008005df8                LCD_Fill
 .text.LCD_DrawLine
                0x0000000008005f14      0x108 ./Core/Src/lcd.o
                0x0000000008005f14                LCD_DrawLine
 .text.LCD_Draw_Circle
                0x000000000800601c      0x13a ./Core/Src/lcd.o
                0x000000000800601c                LCD_Draw_Circle
 *fill*         0x0000000008006156        0x2 
 .text.LCD_ShowChar
                0x0000000008006158      0x15c ./Core/Src/lcd.o
                0x0000000008006158                LCD_ShowChar
 .text.LCD_ShowString
                0x00000000080062b4       0x9a ./Core/Src/lcd.o
                0x00000000080062b4                LCD_ShowString
 *fill*         0x000000000800634e        0x2 
 .text.connectionCheck
                0x0000000008006350      0x118 ./Core/Src/main.o
                0x0000000008006350                connectionCheck
 .text.calculateDisplayBase
                0x0000000008006468      0x15c ./Core/Src/main.o
                0x0000000008006468                calculateDisplayBase
 .text.showString
                0x00000000080065c4       0x2c ./Core/Src/main.o
                0x00000000080065c4                showString
 .text.main     0x00000000080065f0       0x30 ./Core/Src/main.o
                0x00000000080065f0                main
 .text.SystemClock_Config
                0x0000000008006620       0x8a ./Core/Src/main.o
                0x0000000008006620                SystemClock_Config
 .text.Error_Handler
                0x00000000080066aa        0xc ./Core/Src/main.o
                0x00000000080066aa                Error_Handler
 *fill*         0x00000000080066b6        0x2 
 .text.HAL_MspInit
                0x00000000080066b8       0x64 ./Core/Src/stm32f1xx_hal_msp.o
                0x00000000080066b8                HAL_MspInit
 .text.NMI_Handler
                0x000000000800671c        0xc ./Core/Src/stm32f1xx_it.o
                0x000000000800671c                NMI_Handler
 .text.HardFault_Handler
                0x0000000008006728        0x6 ./Core/Src/stm32f1xx_it.o
                0x0000000008006728                HardFault_Handler
 .text.MemManage_Handler
                0x000000000800672e        0x6 ./Core/Src/stm32f1xx_it.o
                0x000000000800672e                MemManage_Handler
 .text.BusFault_Handler
                0x0000000008006734        0x6 ./Core/Src/stm32f1xx_it.o
                0x0000000008006734                BusFault_Handler
 .text.UsageFault_Handler
                0x000000000800673a        0x6 ./Core/Src/stm32f1xx_it.o
                0x000000000800673a                UsageFault_Handler
 .text.SVC_Handler
                0x0000000008006740        0xc ./Core/Src/stm32f1xx_it.o
                0x0000000008006740                SVC_Handler
 .text.DebugMon_Handler
                0x000000000800674c        0xc ./Core/Src/stm32f1xx_it.o
                0x000000000800674c                DebugMon_Handler
 .text.PendSV_Handler
                0x0000000008006758        0xc ./Core/Src/stm32f1xx_it.o
                0x0000000008006758                PendSV_Handler
 .text.SysTick_Handler
                0x0000000008006764        0xc ./Core/Src/stm32f1xx_it.o
                0x0000000008006764                SysTick_Handler
 .text.USART1_IRQHandler
                0x0000000008006770       0x20 ./Core/Src/stm32f1xx_it.o
                0x0000000008006770                USART1_IRQHandler
 .text.HAL_UART_RxCpltCallback
                0x0000000008006790      0x274 ./Core/Src/stm32f1xx_it.o
                0x0000000008006790                HAL_UART_RxCpltCallback
 .text._sbrk    0x0000000008006a04       0x6c ./Core/Src/sysmem.o
                0x0000000008006a04                _sbrk
 .text.SystemInit
                0x0000000008006a70        0xc ./Core/Src/system_stm32f1xx.o
                0x0000000008006a70                SystemInit
 .text.MX_USART1_UART_Init
                0x0000000008006a7c       0x54 ./Core/Src/usart.o
                0x0000000008006a7c                MX_USART1_UART_Init
 .text.HAL_UART_MspInit
                0x0000000008006ad0       0xa8 ./Core/Src/usart.o
                0x0000000008006ad0                HAL_UART_MspInit
 .text.Reset_Handler
                0x0000000008006b78       0x48 ./Core/Startup/startup_stm32f103rctx.o
                0x0000000008006b78                Reset_Handler
 .text.Default_Handler
                0x0000000008006bc0        0x2 ./Core/Startup/startup_stm32f103rctx.o
                0x0000000008006bc0                RTC_Alarm_IRQHandler
                0x0000000008006bc0                EXTI2_IRQHandler
                0x0000000008006bc0                TIM8_TRG_COM_IRQHandler
                0x0000000008006bc0                TIM8_CC_IRQHandler
                0x0000000008006bc0                TIM1_CC_IRQHandler
                0x0000000008006bc0                TIM6_IRQHandler
                0x0000000008006bc0                PVD_IRQHandler
                0x0000000008006bc0                SDIO_IRQHandler
                0x0000000008006bc0                EXTI3_IRQHandler
                0x0000000008006bc0                EXTI0_IRQHandler
                0x0000000008006bc0                I2C2_EV_IRQHandler
                0x0000000008006bc0                ADC1_2_IRQHandler
                0x0000000008006bc0                SPI1_IRQHandler
                0x0000000008006bc0                TAMPER_IRQHandler
                0x0000000008006bc0                TIM8_UP_IRQHandler
                0x0000000008006bc0                DMA2_Channel2_IRQHandler
                0x0000000008006bc0                DMA1_Channel4_IRQHandler
                0x0000000008006bc0                USART3_IRQHandler
                0x0000000008006bc0                RTC_IRQHandler
                0x0000000008006bc0                DMA1_Channel7_IRQHandler
                0x0000000008006bc0                CAN1_RX1_IRQHandler
                0x0000000008006bc0                UART5_IRQHandler
                0x0000000008006bc0                ADC3_IRQHandler
                0x0000000008006bc0                TIM4_IRQHandler
                0x0000000008006bc0                DMA2_Channel1_IRQHandler
                0x0000000008006bc0                I2C1_EV_IRQHandler
                0x0000000008006bc0                DMA1_Channel6_IRQHandler
                0x0000000008006bc0                UART4_IRQHandler
                0x0000000008006bc0                TIM3_IRQHandler
                0x0000000008006bc0                RCC_IRQHandler
                0x0000000008006bc0                TIM1_TRG_COM_IRQHandler
                0x0000000008006bc0                DMA1_Channel1_IRQHandler
                0x0000000008006bc0                Default_Handler
                0x0000000008006bc0                EXTI15_10_IRQHandler
                0x0000000008006bc0                TIM7_IRQHandler
                0x0000000008006bc0                TIM5_IRQHandler
                0x0000000008006bc0                EXTI9_5_IRQHandler
                0x0000000008006bc0                SPI2_IRQHandler
                0x0000000008006bc0                DMA1_Channel5_IRQHandler
                0x0000000008006bc0                EXTI4_IRQHandler
                0x0000000008006bc0                USB_LP_CAN1_RX0_IRQHandler
                0x0000000008006bc0                USB_HP_CAN1_TX_IRQHandler
                0x0000000008006bc0                DMA1_Channel3_IRQHandler
                0x0000000008006bc0                FSMC_IRQHandler
                0x0000000008006bc0                TIM1_UP_IRQHandler
                0x0000000008006bc0                WWDG_IRQHandler
                0x0000000008006bc0                TIM2_IRQHandler
                0x0000000008006bc0                TIM1_BRK_IRQHandler
                0x0000000008006bc0                EXTI1_IRQHandler
                0x0000000008006bc0                DMA2_Channel4_5_IRQHandler
                0x0000000008006bc0                USART2_IRQHandler
                0x0000000008006bc0                I2C2_ER_IRQHandler
                0x0000000008006bc0                DMA1_Channel2_IRQHandler
                0x0000000008006bc0                TIM8_BRK_IRQHandler
                0x0000000008006bc0                CAN1_SCE_IRQHandler
                0x0000000008006bc0                FLASH_IRQHandler
                0x0000000008006bc0                SPI3_IRQHandler
                0x0000000008006bc0                I2C1_ER_IRQHandler
                0x0000000008006bc0                USBWakeUp_IRQHandler
                0x0000000008006bc0                DMA2_Channel3_IRQHandler
 *fill*         0x0000000008006bc2        0x2 
 .text.HAL_Init
                0x0000000008006bc4       0x2c ./Drivers/STM32F1xx_HAL_Driver/Src/stm32f1xx_hal.o
                0x0000000008006bc4                HAL_Init
 .text.HAL_InitTick
                0x0000000008006bf0       0x60 ./Drivers/STM32F1xx_HAL_Driver/Src/stm32f1xx_hal.o
                0x0000000008006bf0                HAL_InitTick
 .text.HAL_IncTick
                0x0000000008006c50       0x24 ./Drivers/STM32F1xx_HAL_Driver/Src/stm32f1xx_hal.o
                0x0000000008006c50                HAL_IncTick
 .text.HAL_GetTick
                0x0000000008006c74       0x14 ./Drivers/STM32F1xx_HAL_Driver/Src/stm32f1xx_hal.o
                0x0000000008006c74                HAL_GetTick
 .text.HAL_Delay
                0x0000000008006c88       0x48 ./Drivers/STM32F1xx_HAL_Driver/Src/stm32f1xx_hal.o
                0x0000000008006c88                HAL_Delay
 .text.__NVIC_SetPriorityGrouping
                0x0000000008006cd0       0x48 ./Drivers/STM32F1xx_HAL_Driver/Src/stm32f1xx_hal_cortex.o
 .text.__NVIC_GetPriorityGrouping
                0x0000000008006d18       0x1c ./Drivers/STM32F1xx_HAL_Driver/Src/stm32f1xx_hal_cortex.o
 .text.__NVIC_EnableIRQ
                0x0000000008006d34       0x38 ./Drivers/STM32F1xx_HAL_Driver/Src/stm32f1xx_hal_cortex.o
 .text.__NVIC_SetPriority
                0x0000000008006d6c       0x54 ./Drivers/STM32F1xx_HAL_Driver/Src/stm32f1xx_hal_cortex.o
 .text.NVIC_EncodePriority
                0x0000000008006dc0       0x64 ./Drivers/STM32F1xx_HAL_Driver/Src/stm32f1xx_hal_cortex.o
 .text.SysTick_Config
                0x0000000008006e24       0x44 ./Drivers/STM32F1xx_HAL_Driver/Src/stm32f1xx_hal_cortex.o
 .text.HAL_NVIC_SetPriorityGrouping
                0x0000000008006e68       0x16 ./Drivers/STM32F1xx_HAL_Driver/Src/stm32f1xx_hal_cortex.o
                0x0000000008006e68                HAL_NVIC_SetPriorityGrouping
 .text.HAL_NVIC_SetPriority
                0x0000000008006e7e       0x38 ./Drivers/STM32F1xx_HAL_Driver/Src/stm32f1xx_hal_cortex.o
                0x0000000008006e7e                HAL_NVIC_SetPriority
 .text.HAL_NVIC_EnableIRQ
                0x0000000008006eb6       0x1c ./Drivers/STM32F1xx_HAL_Driver/Src/stm32f1xx_hal_cortex.o
                0x0000000008006eb6                HAL_NVIC_EnableIRQ
 .text.HAL_SYSTICK_Config
                0x0000000008006ed2       0x18 ./Drivers/STM32F1xx_HAL_Driver/Src/stm32f1xx_hal_cortex.o
                0x0000000008006ed2                HAL_SYSTICK_Config
 *fill*         0x0000000008006eea        0x2 
 .text.HAL_DMA_Abort_IT
                0x0000000008006eec      0x210 ./Drivers/STM32F1xx_HAL_Driver/Src/stm32f1xx_hal_dma.o
                0x0000000008006eec                HAL_DMA_Abort_IT
 .text.HAL_GPIO_Init
                0x00000000080070fc      0x328 ./Drivers/STM32F1xx_HAL_Driver/Src/stm32f1xx_hal_gpio.o
                0x00000000080070fc                HAL_GPIO_Init
 .text.HAL_RCC_OscConfig
                0x0000000008007424      0x500 ./Drivers/STM32F1xx_HAL_Driver/Src/stm32f1xx_hal_rcc.o
                0x0000000008007424                HAL_RCC_OscConfig
 .text.HAL_RCC_ClockConfig
                0x0000000008007924      0x1d4 ./Drivers/STM32F1xx_HAL_Driver/Src/stm32f1xx_hal_rcc.o
                0x0000000008007924                HAL_RCC_ClockConfig
 .text.HAL_RCC_GetSysClockFreq
                0x0000000008007af8       0xc0 ./Drivers/STM32F1xx_HAL_Driver/Src/stm32f1xx_hal_rcc.o
                0x0000000008007af8                HAL_RCC_GetSysClockFreq
 .text.HAL_RCC_GetHCLKFreq
                0x0000000008007bb8       0x14 ./Drivers/STM32F1xx_HAL_Driver/Src/stm32f1xx_hal_rcc.o
                0x0000000008007bb8                HAL_RCC_GetHCLKFreq
 .text.HAL_RCC_GetPCLK1Freq
                0x0000000008007bcc       0x28 ./Drivers/STM32F1xx_HAL_Driver/Src/stm32f1xx_hal_rcc.o
                0x0000000008007bcc                HAL_RCC_GetPCLK1Freq
 .text.HAL_RCC_GetPCLK2Freq
                0x0000000008007bf4       0x28 ./Drivers/STM32F1xx_HAL_Driver/Src/stm32f1xx_hal_rcc.o
                0x0000000008007bf4                HAL_RCC_GetPCLK2Freq
 .text.RCC_Delay
                0x0000000008007c1c       0x3c ./Drivers/STM32F1xx_HAL_Driver/Src/stm32f1xx_hal_rcc.o
 .text.HAL_UART_Init
                0x0000000008007c58       0x9a ./Drivers/STM32F1xx_HAL_Driver/Src/stm32f1xx_hal_uart.o
                0x0000000008007c58                HAL_UART_Init
 .text.HAL_UART_Transmit
                0x0000000008007cf2      0x124 ./Drivers/STM32F1xx_HAL_Driver/Src/stm32f1xx_hal_uart.o
                0x0000000008007cf2                HAL_UART_Transmit
 .text.HAL_UART_Receive_IT
                0x0000000008007e16       0xa8 ./Drivers/STM32F1xx_HAL_Driver/Src/stm32f1xx_hal_uart.o
                0x0000000008007e16                HAL_UART_Receive_IT
 *fill*         0x0000000008007ebe        0x2 
 .text.HAL_UART_IRQHandler
                0x0000000008007ec0      0x200 ./Drivers/STM32F1xx_HAL_Driver/Src/stm32f1xx_hal_uart.o
                0x0000000008007ec0                HAL_UART_IRQHandler
 .text.HAL_UART_TxCpltCallback
                0x00000000080080c0       0x12 ./Drivers/STM32F1xx_HAL_Driver/Src/stm32f1xx_hal_uart.o
                0x00000000080080c0                HAL_UART_TxCpltCallback
 .text.HAL_UART_ErrorCallback
                0x00000000080080d2       0x12 ./Drivers/STM32F1xx_HAL_Driver/Src/stm32f1xx_hal_uart.o
                0x00000000080080d2                HAL_UART_ErrorCallback
 .text.UART_WaitOnFlagUntilTimeout
                0x00000000080080e4       0x94 ./Drivers/STM32F1xx_HAL_Driver/Src/stm32f1xx_hal_uart.o
 .text.UART_EndRxTransfer
                0x0000000008008178       0x3a ./Drivers/STM32F1xx_HAL_Driver/Src/stm32f1xx_hal_uart.o
 .text.UART_DMAAbortOnError
                0x00000000080081b2       0x28 ./Drivers/STM32F1xx_HAL_Driver/Src/stm32f1xx_hal_uart.o
 .text.UART_Transmit_IT
                0x00000000080081da       0x9e ./Drivers/STM32F1xx_HAL_Driver/Src/stm32f1xx_hal_uart.o
 .text.UART_EndTransmit_IT
                0x0000000008008278       0x30 ./Drivers/STM32F1xx_HAL_Driver/Src/stm32f1xx_hal_uart.o
 .text.UART_Receive_IT
                0x00000000080082a8      0x100 ./Drivers/STM32F1xx_HAL_Driver/Src/stm32f1xx_hal_uart.o
 .text.UART_SetConfig
                0x00000000080083a8      0x11c ./Drivers/STM32F1xx_HAL_Driver/Src/stm32f1xx_hal_uart.o
 .text.__errno  0x00000000080084c4        0xc d:/arm/stm32cubeide_1.7.0/stm32cubeide/plugins/com.st.stm32cube.ide.mcu.externaltools.gnu-tools-for-stm32.9-2020-q2-update.win32_2.0.0.202105311346/tools/bin/../lib/gcc/arm-none-eabi/9.3.1/../../../../arm-none-eabi/lib/thumb/v7-m/nofp\libc_nano.a(lib_a-errno.o)
                0x00000000080084c4                __errno
 .text.__libc_init_array
                0x00000000080084d0       0x48 d:/arm/stm32cubeide_1.7.0/stm32cubeide/plugins/com.st.stm32cube.ide.mcu.externaltools.gnu-tools-for-stm32.9-2020-q2-update.win32_2.0.0.202105311346/tools/bin/../lib/gcc/arm-none-eabi/9.3.1/../../../../arm-none-eabi/lib/thumb/v7-m/nofp\libc_nano.a(lib_a-init.o)
                0x00000000080084d0                __libc_init_array
 .text.memset   0x0000000008008518       0x10 d:/arm/stm32cubeide_1.7.0/stm32cubeide/plugins/com.st.stm32cube.ide.mcu.externaltools.gnu-tools-for-stm32.9-2020-q2-update.win32_2.0.0.202105311346/tools/bin/../lib/gcc/arm-none-eabi/9.3.1/../../../../arm-none-eabi/lib/thumb/v7-m/nofp\libc_nano.a(lib_a-memset.o)
                0x0000000008008518                memset
 .text.sprintf  0x0000000008008528       0x40 d:/arm/stm32cubeide_1.7.0/stm32cubeide/plugins/com.st.stm32cube.ide.mcu.externaltools.gnu-tools-for-stm32.9-2020-q2-update.win32_2.0.0.202105311346/tools/bin/../lib/gcc/arm-none-eabi/9.3.1/../../../../arm-none-eabi/lib/thumb/v7-m/nofp\libc_nano.a(lib_a-sprintf.o)
                0x0000000008008528                siprintf
                0x0000000008008528                sprintf
 .text.__ssputs_r
                0x0000000008008568       0xb6 d:/arm/stm32cubeide_1.7.0/stm32cubeide/plugins/com.st.stm32cube.ide.mcu.externaltools.gnu-tools-for-stm32.9-2020-q2-update.win32_2.0.0.202105311346/tools/bin/../lib/gcc/arm-none-eabi/9.3.1/../../../../arm-none-eabi/lib/thumb/v7-m/nofp\libc_nano.a(lib_a-nano-svfprintf.o)
                0x0000000008008568                __ssputs_r
 *fill*         0x000000000800861e        0x2 
 .text._svfprintf_r
                0x0000000008008620      0x200 d:/arm/stm32cubeide_1.7.0/stm32cubeide/plugins/com.st.stm32cube.ide.mcu.externaltools.gnu-tools-for-stm32.9-2020-q2-update.win32_2.0.0.202105311346/tools/bin/../lib/gcc/arm-none-eabi/9.3.1/../../../../arm-none-eabi/lib/thumb/v7-m/nofp\libc_nano.a(lib_a-nano-svfprintf.o)
                0x0000000008008620                _svfiprintf_r
                0x0000000008008620                _svfprintf_r
 .text._printf_common
                0x0000000008008820       0xde d:/arm/stm32cubeide_1.7.0/stm32cubeide/plugins/com.st.stm32cube.ide.mcu.externaltools.gnu-tools-for-stm32.9-2020-q2-update.win32_2.0.0.202105311346/tools/bin/../lib/gcc/arm-none-eabi/9.3.1/../../../../arm-none-eabi/lib/thumb/v7-m/nofp\libc_nano.a(lib_a-nano-vfprintf_i.o)
                0x0000000008008820                _printf_common
 *fill*         0x00000000080088fe        0x2 
 .text._printf_i
                0x0000000008008900      0x24c d:/arm/stm32cubeide_1.7.0/stm32cubeide/plugins/com.st.stm32cube.ide.mcu.externaltools.gnu-tools-for-stm32.9-2020-q2-update.win32_2.0.0.202105311346/tools/bin/../lib/gcc/arm-none-eabi/9.3.1/../../../../arm-none-eabi/lib/thumb/v7-m/nofp\libc_nano.a(lib_a-nano-vfprintf_i.o)
                0x0000000008008900                _printf_i
 .text.memchr   0x0000000008008b4c       0x1c d:/arm/stm32cubeide_1.7.0/stm32cubeide/plugins/com.st.stm32cube.ide.mcu.externaltools.gnu-tools-for-stm32.9-2020-q2-update.win32_2.0.0.202105311346/tools/bin/../lib/gcc/arm-none-eabi/9.3.1/../../../../arm-none-eabi/lib/thumb/v7-m/nofp\libc_nano.a(lib_a-memchr-stub.o)
                0x0000000008008b4c                memchr
 .text.memcpy   0x0000000008008b68       0x1c d:/arm/stm32cubeide_1.7.0/stm32cubeide/plugins/com.st.stm32cube.ide.mcu.externaltools.gnu-tools-for-stm32.9-2020-q2-update.win32_2.0.0.202105311346/tools/bin/../lib/gcc/arm-none-eabi/9.3.1/../../../../arm-none-eabi/lib/thumb/v7-m/nofp\libc_nano.a(lib_a-memcpy-stub.o)
                0x0000000008008b68                memcpy
 .text.memmove  0x0000000008008b84       0x34 d:/arm/stm32cubeide_1.7.0/stm32cubeide/plugins/com.st.stm32cube.ide.mcu.externaltools.gnu-tools-for-stm32.9-2020-q2-update.win32_2.0.0.202105311346/tools/bin/../lib/gcc/arm-none-eabi/9.3.1/../../../../arm-none-eabi/lib/thumb/v7-m/nofp\libc_nano.a(lib_a-memmove.o)
                0x0000000008008b84                memmove
 .text._free_r  0x0000000008008bb8       0x98 d:/arm/stm32cubeide_1.7.0/stm32cubeide/plugins/com.st.stm32cube.ide.mcu.externaltools.gnu-tools-for-stm32.9-2020-q2-update.win32_2.0.0.202105311346/tools/bin/../lib/gcc/arm-none-eabi/9.3.1/../../../../arm-none-eabi/lib/thumb/v7-m/nofp\libc_nano.a(lib_a-nano-freer.o)
                0x0000000008008bb8                _free_r
 .text._malloc_r
                0x0000000008008c50       0xb4 d:/arm/stm32cubeide_1.7.0/stm32cubeide/plugins/com.st.stm32cube.ide.mcu.externaltools.gnu-tools-for-stm32.9-2020-q2-update.win32_2.0.0.202105311346/tools/bin/../lib/gcc/arm-none-eabi/9.3.1/../../../../arm-none-eabi/lib/thumb/v7-m/nofp\libc_nano.a(lib_a-nano-mallocr.o)
                0x0000000008008c50                _malloc_r
 .text._realloc_r
                0x0000000008008d04       0x4c d:/arm/stm32cubeide_1.7.0/stm32cubeide/plugins/com.st.stm32cube.ide.mcu.externaltools.gnu-tools-for-stm32.9-2020-q2-update.win32_2.0.0.202105311346/tools/bin/../lib/gcc/arm-none-eabi/9.3.1/../../../../arm-none-eabi/lib/thumb/v7-m/nofp\libc_nano.a(lib_a-nano-reallocr.o)
                0x0000000008008d04                _realloc_r
 .text._sbrk_r  0x0000000008008d50       0x20 d:/arm/stm32cubeide_1.7.0/stm32cubeide/plugins/com.st.stm32cube.ide.mcu.externaltools.gnu-tools-for-stm32.9-2020-q2-update.win32_2.0.0.202105311346/tools/bin/../lib/gcc/arm-none-eabi/9.3.1/../../../../arm-none-eabi/lib/thumb/v7-m/nofp\libc_nano.a(lib_a-sbrkr.o)
                0x0000000008008d50                _sbrk_r
 .text.__malloc_lock
                0x0000000008008d70        0xc d:/arm/stm32cubeide_1.7.0/stm32cubeide/plugins/com.st.stm32cube.ide.mcu.externaltools.gnu-tools-for-stm32.9-2020-q2-update.win32_2.0.0.202105311346/tools/bin/../lib/gcc/arm-none-eabi/9.3.1/../../../../arm-none-eabi/lib/thumb/v7-m/nofp\libc_nano.a(lib_a-mlock.o)
                0x0000000008008d70                __malloc_lock
 .text.__malloc_unlock
                0x0000000008008d7c        0xc d:/arm/stm32cubeide_1.7.0/stm32cubeide/plugins/com.st.stm32cube.ide.mcu.externaltools.gnu-tools-for-stm32.9-2020-q2-update.win32_2.0.0.202105311346/tools/bin/../lib/gcc/arm-none-eabi/9.3.1/../../../../arm-none-eabi/lib/thumb/v7-m/nofp\libc_nano.a(lib_a-mlock.o)
                0x0000000008008d7c                __malloc_unlock
 .text._malloc_usable_size_r
                0x0000000008008d88       0x10 d:/arm/stm32cubeide_1.7.0/stm32cubeide/plugins/com.st.stm32cube.ide.mcu.externaltools.gnu-tools-for-stm32.9-2020-q2-update.win32_2.0.0.202105311346/tools/bin/../lib/gcc/arm-none-eabi/9.3.1/../../../../arm-none-eabi/lib/thumb/v7-m/nofp\libc_nano.a(lib_a-nano-msizer.o)
                0x0000000008008d88                _malloc_usable_size_r
 .text.__retarget_lock_acquire_recursive
                0x0000000008008d98        0x2 d:/arm/stm32cubeide_1.7.0/stm32cubeide/plugins/com.st.stm32cube.ide.mcu.externaltools.gnu-tools-for-stm32.9-2020-q2-update.win32_2.0.0.202105311346/tools/bin/../lib/gcc/arm-none-eabi/9.3.1/../../../../arm-none-eabi/lib/thumb/v7-m/nofp\libc_nano.a(lib_a-lock.o)
                0x0000000008008d98                __retarget_lock_acquire_recursive
 .text.__retarget_lock_release_recursive
                0x0000000008008d9a        0x2 d:/arm/stm32cubeide_1.7.0/stm32cubeide/plugins/com.st.stm32cube.ide.mcu.externaltools.gnu-tools-for-stm32.9-2020-q2-update.win32_2.0.0.202105311346/tools/bin/../lib/gcc/arm-none-eabi/9.3.1/../../../../arm-none-eabi/lib/thumb/v7-m/nofp\libc_nano.a(lib_a-lock.o)
                0x0000000008008d9a                __retarget_lock_release_recursive
 *(.glue_7)
 .glue_7        0x0000000008008d9c        0x0 linker stubs
 *(.glue_7t)
 .glue_7t       0x0000000008008d9c        0x0 linker stubs
 *(.eh_frame)
 .eh_frame      0x0000000008008d9c        0x0 d:/arm/stm32cubeide_1.7.0/stm32cubeide/plugins/com.st.stm32cube.ide.mcu.externaltools.gnu-tools-for-stm32.9-2020-q2-update.win32_2.0.0.202105311346/tools/bin/../lib/gcc/arm-none-eabi/9.3.1/thumb/v7-m/nofp/crtbegin.o
 *(.init)
 .init          0x0000000008008d9c        0x4 d:/arm/stm32cubeide_1.7.0/stm32cubeide/plugins/com.st.stm32cube.ide.mcu.externaltools.gnu-tools-for-stm32.9-2020-q2-update.win32_2.0.0.202105311346/tools/bin/../lib/gcc/arm-none-eabi/9.3.1/thumb/v7-m/nofp/crti.o
                0x0000000008008d9c                _init
 .init          0x0000000008008da0        0x8 d:/arm/stm32cubeide_1.7.0/stm32cubeide/plugins/com.st.stm32cube.ide.mcu.externaltools.gnu-tools-for-stm32.9-2020-q2-update.win32_2.0.0.202105311346/tools/bin/../lib/gcc/arm-none-eabi/9.3.1/thumb/v7-m/nofp/crtn.o
 *(.fini)
 .fini          0x0000000008008da8        0x4 d:/arm/stm32cubeide_1.7.0/stm32cubeide/plugins/com.st.stm32cube.ide.mcu.externaltools.gnu-tools-for-stm32.9-2020-q2-update.win32_2.0.0.202105311346/tools/bin/../lib/gcc/arm-none-eabi/9.3.1/thumb/v7-m/nofp/crti.o
                0x0000000008008da8                _fini
 .fini          0x0000000008008dac        0x8 d:/arm/stm32cubeide_1.7.0/stm32cubeide/plugins/com.st.stm32cube.ide.mcu.externaltools.gnu-tools-for-stm32.9-2020-q2-update.win32_2.0.0.202105311346/tools/bin/../lib/gcc/arm-none-eabi/9.3.1/thumb/v7-m/nofp/crtn.o
                0x0000000008008db4                . = ALIGN (0x4)
                0x0000000008008db4                _etext = .

.vfp11_veneer   0x0000000008008db4        0x0
 .vfp11_veneer  0x0000000008008db4        0x0 linker stubs

.v4_bx          0x0000000008008db4        0x0
 .v4_bx         0x0000000008008db4        0x0 linker stubs

.iplt           0x0000000008008db4        0x0
 .iplt          0x0000000008008db4        0x0 d:/arm/stm32cubeide_1.7.0/stm32cubeide/plugins/com.st.stm32cube.ide.mcu.externaltools.gnu-tools-for-stm32.9-2020-q2-update.win32_2.0.0.202105311346/tools/bin/../lib/gcc/arm-none-eabi/9.3.1/thumb/v7-m/nofp/crtbegin.o

.rodata         0x0000000008008db4     0x1858
                0x0000000008008db4                . = ALIGN (0x4)
 *(.rodata)
 .rodata        0x0000000008008db4       0x1e ./Core/Src/main.o
 *fill*         0x0000000008008dd2        0x2 
 .rodata        0x0000000008008dd4       0x1b ./Core/Src/stm32f1xx_it.o
 *fill*         0x0000000008008def        0x1 
 .rodata        0x0000000008008df0       0x10 ./Drivers/STM32F1xx_HAL_Driver/Src/stm32f1xx_hal_rcc.o
 *(.rodata*)
 .rodata.asc2_1206
                0x0000000008008e00      0x474 ./Core/Src/lcd.o
                0x0000000008008e00                asc2_1206
 .rodata.asc2_1608
                0x0000000008009274      0x5f0 ./Core/Src/lcd.o
                0x0000000008009274                asc2_1608
 .rodata.asc2_2412
                0x0000000008009864      0xd5c ./Core/Src/lcd.o
                0x0000000008009864                asc2_2412
 .rodata.AHBPrescTable
                0x000000000800a5c0       0x10 ./Core/Src/system_stm32f1xx.o
                0x000000000800a5c0                AHBPrescTable
 .rodata.APBPrescTable
                0x000000000800a5d0        0x8 ./Core/Src/system_stm32f1xx.o
                0x000000000800a5d0                APBPrescTable
 .rodata._svfprintf_r.str1.1
                0x000000000800a5d8       0x11 d:/arm/stm32cubeide_1.7.0/stm32cubeide/plugins/com.st.stm32cube.ide.mcu.externaltools.gnu-tools-for-stm32.9-2020-q2-update.win32_2.0.0.202105311346/tools/bin/../lib/gcc/arm-none-eabi/9.3.1/../../../../arm-none-eabi/lib/thumb/v7-m/nofp\libc_nano.a(lib_a-nano-svfprintf.o)
 .rodata._printf_i.str1.1
                0x000000000800a5e9       0x22 d:/arm/stm32cubeide_1.7.0/stm32cubeide/plugins/com.st.stm32cube.ide.mcu.externaltools.gnu-tools-for-stm32.9-2020-q2-update.win32_2.0.0.202105311346/tools/bin/../lib/gcc/arm-none-eabi/9.3.1/../../../../arm-none-eabi/lib/thumb/v7-m/nofp\libc_nano.a(lib_a-nano-vfprintf_i.o)
                0x000000000800a60c                . = ALIGN (0x4)
 *fill*         0x000000000800a60b        0x1 

.rel.dyn        0x000000000800a60c        0x0
 .rel.iplt      0x000000000800a60c        0x0 d:/arm/stm32cubeide_1.7.0/stm32cubeide/plugins/com.st.stm32cube.ide.mcu.externaltools.gnu-tools-for-stm32.9-2020-q2-update.win32_2.0.0.202105311346/tools/bin/../lib/gcc/arm-none-eabi/9.3.1/thumb/v7-m/nofp/crtbegin.o

.ARM.extab      0x000000000800a60c        0x0
                0x000000000800a60c                . = ALIGN (0x4)
 *(.ARM.extab* .gnu.linkonce.armextab.*)
                0x000000000800a60c                . = ALIGN (0x4)

.ARM            0x000000000800a60c        0x0
                0x000000000800a60c                . = ALIGN (0x4)
                0x000000000800a60c                __exidx_start = .
 *(.ARM.exidx*)
                0x000000000800a60c                __exidx_end = .
                0x000000000800a60c                . = ALIGN (0x4)

.preinit_array  0x000000000800a60c        0x0
                0x000000000800a60c                . = ALIGN (0x4)
                0x000000000800a60c                PROVIDE (__preinit_array_start = .)
 *(.preinit_array*)
                0x000000000800a60c                PROVIDE (__preinit_array_end = .)
                0x000000000800a60c                . = ALIGN (0x4)

.init_array     0x000000000800a60c        0x4
                0x000000000800a60c                . = ALIGN (0x4)
                0x000000000800a60c                PROVIDE (__init_array_start = .)
 *(SORT_BY_NAME(.init_array.*))
 *(.init_array*)
 .init_array    0x000000000800a60c        0x4 d:/arm/stm32cubeide_1.7.0/stm32cubeide/plugins/com.st.stm32cube.ide.mcu.externaltools.gnu-tools-for-stm32.9-2020-q2-update.win32_2.0.0.202105311346/tools/bin/../lib/gcc/arm-none-eabi/9.3.1/thumb/v7-m/nofp/crtbegin.o
                0x000000000800a610                PROVIDE (__init_array_end = .)
                0x000000000800a610                . = ALIGN (0x4)

.fini_array     0x000000000800a610        0x4
                0x000000000800a610                . = ALIGN (0x4)
                [!provide]                        PROVIDE (__fini_array_start = .)
 *(SORT_BY_NAME(.fini_array.*))
 *(.fini_array*)
 .fini_array    0x000000000800a610        0x4 d:/arm/stm32cubeide_1.7.0/stm32cubeide/plugins/com.st.stm32cube.ide.mcu.externaltools.gnu-tools-for-stm32.9-2020-q2-update.win32_2.0.0.202105311346/tools/bin/../lib/gcc/arm-none-eabi/9.3.1/thumb/v7-m/nofp/crtbegin.o
                [!provide]                        PROVIDE (__fini_array_end = .)
                0x000000000800a614                . = ALIGN (0x4)
                0x000000000800a614                _sidata = LOADADDR (.data)

.data           0x0000000020000000       0x88 load address 0x000000000800a614
                0x0000000020000000                . = ALIGN (0x4)
                0x0000000020000000                _sdata = .
 *(.data)
 *(.data*)
 .data.BACK_COLOR
                0x0000000020000000        0x2 ./Core/Src/lcd.o
                0x0000000020000000                BACK_COLOR
 *fill*         0x0000000020000002        0x2 
 .data.x        0x0000000020000004        0x4 ./Core/Src/main.o
                0x0000000020000004                x
 .data.y        0x0000000020000008        0x4 ./Core/Src/main.o
                0x0000000020000008                y
 .data.x_base   0x000000002000000c        0x4 ./Core/Src/main.o
                0x000000002000000c                x_base
 .data.y_base   0x0000000020000010        0x4 ./Core/Src/main.o
                0x0000000020000010                y_base
 .data.flag     0x0000000020000014        0x4 ./Core/Src/stm32f1xx_it.o
                0x0000000020000014                flag
 .data.SystemCoreClock
                0x0000000020000018        0x4 ./Core/Src/system_stm32f1xx.o
                0x0000000020000018                SystemCoreClock
 .data.uwTickPrio
                0x000000002000001c        0x4 ./Drivers/STM32F1xx_HAL_Driver/Src/stm32f1xx_hal.o
                0x000000002000001c                uwTickPrio
 .data.uwTickFreq
                0x0000000020000020        0x1 ./Drivers/STM32F1xx_HAL_Driver/Src/stm32f1xx_hal.o
                0x0000000020000020                uwTickFreq
 *fill*         0x0000000020000021        0x3 
 .data._impure_ptr
                0x0000000020000024        0x4 d:/arm/stm32cubeide_1.7.0/stm32cubeide/plugins/com.st.stm32cube.ide.mcu.externaltools.gnu-tools-for-stm32.9-2020-q2-update.win32_2.0.0.202105311346/tools/bin/../lib/gcc/arm-none-eabi/9.3.1/../../../../arm-none-eabi/lib/thumb/v7-m/nofp\libc_nano.a(lib_a-impure.o)
                0x0000000020000024                _impure_ptr
 .data.impure_data
                0x0000000020000028       0x60 d:/arm/stm32cubeide_1.7.0/stm32cubeide/plugins/com.st.stm32cube.ide.mcu.externaltools.gnu-tools-for-stm32.9-2020-q2-update.win32_2.0.0.202105311346/tools/bin/../lib/gcc/arm-none-eabi/9.3.1/../../../../arm-none-eabi/lib/thumb/v7-m/nofp\libc_nano.a(lib_a-impure.o)
                0x0000000020000088                . = ALIGN (0x4)
                0x0000000020000088                _edata = .

.igot.plt       0x0000000020000088        0x0 load address 0x000000000800a69c
 .igot.plt      0x0000000020000088        0x0 d:/arm/stm32cubeide_1.7.0/stm32cubeide/plugins/com.st.stm32cube.ide.mcu.externaltools.gnu-tools-for-stm32.9-2020-q2-update.win32_2.0.0.202105311346/tools/bin/../lib/gcc/arm-none-eabi/9.3.1/thumb/v7-m/nofp/crtbegin.o
                0x0000000020000088                . = ALIGN (0x4)

.bss            0x0000000020000088      0x8b4 load address 0x000000000800a69c
                0x0000000020000088                _sbss = .
                0x0000000020000088                __bss_start__ = _sbss
 *(.bss)
 .bss           0x0000000020000088       0x1c d:/arm/stm32cubeide_1.7.0/stm32cubeide/plugins/com.st.stm32cube.ide.mcu.externaltools.gnu-tools-for-stm32.9-2020-q2-update.win32_2.0.0.202105311346/tools/bin/../lib/gcc/arm-none-eabi/9.3.1/thumb/v7-m/nofp/crtbegin.o
 *(.bss*)
 .bss.POINT_COLOR
                0x00000000200000a4        0x2 ./Core/Src/lcd.o
                0x00000000200000a4                POINT_COLOR
 *fill*         0x00000000200000a6        0x2 
 .bss.IsSetUp   0x00000000200000a8        0x4 ./Core/Src/main.o
                0x00000000200000a8                IsSetUp
 .bss.uRx_Data  0x00000000200000ac      0x400 ./Core/Src/stm32f1xx_it.o
                0x00000000200000ac                uRx_Data
 .bss.Answer    0x00000000200004ac        0x4 ./Core/Src/stm32f1xx_it.o
                0x00000000200004ac                Answer
 .bss.score     0x00000000200004b0        0x4 ./Core/Src/stm32f1xx_it.o
                0x00000000200004b0                score
 .bss.uLength.5740
                0x00000000200004b4        0x1 ./Core/Src/stm32f1xx_it.o
 *fill*         0x00000000200004b5        0x3 
 .bss.__sbrk_heap_end
                0x00000000200004b8        0x4 ./Core/Src/sysmem.o
 .bss.__malloc_free_list
                0x00000000200004bc        0x4 d:/arm/stm32cubeide_1.7.0/stm32cubeide/plugins/com.st.stm32cube.ide.mcu.externaltools.gnu-tools-for-stm32.9-2020-q2-update.win32_2.0.0.202105311346/tools/bin/../lib/gcc/arm-none-eabi/9.3.1/../../../../arm-none-eabi/lib/thumb/v7-m/nofp\libc_nano.a(lib_a-nano-mallocr.o)
                0x00000000200004bc                __malloc_free_list
 .bss.__malloc_sbrk_start
                0x00000000200004c0        0x4 d:/arm/stm32cubeide_1.7.0/stm32cubeide/plugins/com.st.stm32cube.ide.mcu.externaltools.gnu-tools-for-stm32.9-2020-q2-update.win32_2.0.0.202105311346/tools/bin/../lib/gcc/arm-none-eabi/9.3.1/../../../../arm-none-eabi/lib/thumb/v7-m/nofp\libc_nano.a(lib_a-nano-mallocr.o)
                0x00000000200004c0                __malloc_sbrk_start
 *(COMMON)
 COMMON         0x00000000200004c4        0xe ./Core/Src/lcd.o
                0x00000000200004c4                lcddev
 *fill*         0x00000000200004d2        0x2 
 COMMON         0x00000000200004d4      0x414 ./Core/Src/stm32f1xx_it.o
                0x00000000200004d4                rxBuffer
                0x00000000200004e8                newstr
 COMMON         0x00000000200008e8       0x40 ./Core/Src/usart.o
                0x00000000200008e8                huart1
 COMMON         0x0000000020000928        0x4 ./Drivers/STM32F1xx_HAL_Driver/Src/stm32f1xx_hal.o
                0x0000000020000928                uwTick
 COMMON         0x000000002000092c        0x4 d:/arm/stm32cubeide_1.7.0/stm32cubeide/plugins/com.st.stm32cube.ide.mcu.externaltools.gnu-tools-for-stm32.9-2020-q2-update.win32_2.0.0.202105311346/tools/bin/../lib/gcc/arm-none-eabi/9.3.1/../../../../arm-none-eabi/lib/thumb/v7-m/nofp\libc_nano.a(lib_a-reent.o)
                0x000000002000092c                errno
 COMMON         0x0000000020000930        0x9 d:/arm/stm32cubeide_1.7.0/stm32cubeide/plugins/com.st.stm32cube.ide.mcu.externaltools.gnu-tools-for-stm32.9-2020-q2-update.win32_2.0.0.202105311346/tools/bin/../lib/gcc/arm-none-eabi/9.3.1/../../../../arm-none-eabi/lib/thumb/v7-m/nofp\libc_nano.a(lib_a-lock.o)
                0x0000000020000930                __lock___atexit_recursive_mutex
                0x0000000020000931                __lock___arc4random_mutex
                0x0000000020000932                __lock___env_recursive_mutex
                0x0000000020000933                __lock___sinit_recursive_mutex
                0x0000000020000934                __lock___malloc_recursive_mutex
                0x0000000020000935                __lock___at_quick_exit_mutex
                0x0000000020000936                __lock___dd_hash_mutex
                0x0000000020000937                __lock___tz_mutex
                0x0000000020000938                __lock___sfp_recursive_mutex
                0x000000002000093c                . = ALIGN (0x4)
 *fill*         0x0000000020000939        0x3 
                0x000000002000093c                _ebss = .
                0x000000002000093c                __bss_end__ = _ebss

._user_heap_stack
                0x000000002000093c      0x604 load address 0x000000000800a69c
                0x0000000020000940                . = ALIGN (0x8)
 *fill*         0x000000002000093c        0x4 
                [!provide]                        PROVIDE (end = .)
                0x0000000020000940                PROVIDE (_end = .)
                0x0000000020000b40                . = (. + _Min_Heap_Size)
 *fill*         0x0000000020000940      0x200 
                0x0000000020000f40                . = (. + _Min_Stack_Size)
 *fill*         0x0000000020000b40      0x400 
                0x0000000020000f40                . = ALIGN (0x8)

/DISCARD/
 libc.a(*)
 libm.a(*)
 libgcc.a(*)

.ARM.attributes
                0x0000000000000000       0x29
 *(.ARM.attributes)
 .ARM.attributes
                0x0000000000000000       0x1d d:/arm/stm32cubeide_1.7.0/stm32cubeide/plugins/com.st.stm32cube.ide.mcu.externaltools.gnu-tools-for-stm32.9-2020-q2-update.win32_2.0.0.202105311346/tools/bin/../lib/gcc/arm-none-eabi/9.3.1/thumb/v7-m/nofp/crti.o
 .ARM.attributes
                0x000000000000001d       0x2d d:/arm/stm32cubeide_1.7.0/stm32cubeide/plugins/com.st.stm32cube.ide.mcu.externaltools.gnu-tools-for-stm32.9-2020-q2-update.win32_2.0.0.202105311346/tools/bin/../lib/gcc/arm-none-eabi/9.3.1/thumb/v7-m/nofp/crtbegin.o
 .ARM.attributes
                0x000000000000004a       0x2d ./Core/Src/gpio.o
 .ARM.attributes
                0x0000000000000077       0x2d ./Core/Src/lcd.o
 .ARM.attributes
                0x00000000000000a4       0x2d ./Core/Src/main.o
 .ARM.attributes
                0x00000000000000d1       0x2d ./Core/Src/stm32f1xx_hal_msp.o
 .ARM.attributes
                0x00000000000000fe       0x2d ./Core/Src/stm32f1xx_it.o
 .ARM.attributes
                0x000000000000012b       0x2d ./Core/Src/sysmem.o
 .ARM.attributes
                0x0000000000000158       0x2d ./Core/Src/system_stm32f1xx.o
 .ARM.attributes
                0x0000000000000185       0x2d ./Core/Src/usart.o
 .ARM.attributes
                0x00000000000001b2       0x21 ./Core/Startup/startup_stm32f103rctx.o
 .ARM.attributes
                0x00000000000001d3       0x2d ./Drivers/STM32F1xx_HAL_Driver/Src/stm32f1xx_hal.o
 .ARM.attributes
                0x0000000000000200       0x2d ./Drivers/STM32F1xx_HAL_Driver/Src/stm32f1xx_hal_cortex.o
 .ARM.attributes
                0x000000000000022d       0x2d ./Drivers/STM32F1xx_HAL_Driver/Src/stm32f1xx_hal_dma.o
 .ARM.attributes
                0x000000000000025a       0x2d ./Drivers/STM32F1xx_HAL_Driver/Src/stm32f1xx_hal_gpio.o
 .ARM.attributes
                0x0000000000000287       0x2d ./Drivers/STM32F1xx_HAL_Driver/Src/stm32f1xx_hal_rcc.o
 .ARM.attributes
                0x00000000000002b4       0x2d ./Drivers/STM32F1xx_HAL_Driver/Src/stm32f1xx_hal_uart.o
 .ARM.attributes
                0x00000000000002e1       0x2d d:/arm/stm32cubeide_1.7.0/stm32cubeide/plugins/com.st.stm32cube.ide.mcu.externaltools.gnu-tools-for-stm32.9-2020-q2-update.win32_2.0.0.202105311346/tools/bin/../lib/gcc/arm-none-eabi/9.3.1/../../../../arm-none-eabi/lib/thumb/v7-m/nofp\libc_nano.a(lib_a-errno.o)
 .ARM.attributes
                0x000000000000030e       0x2d d:/arm/stm32cubeide_1.7.0/stm32cubeide/plugins/com.st.stm32cube.ide.mcu.externaltools.gnu-tools-for-stm32.9-2020-q2-update.win32_2.0.0.202105311346/tools/bin/../lib/gcc/arm-none-eabi/9.3.1/../../../../arm-none-eabi/lib/thumb/v7-m/nofp\libc_nano.a(lib_a-impure.o)
 .ARM.attributes
                0x000000000000033b       0x2d d:/arm/stm32cubeide_1.7.0/stm32cubeide/plugins/com.st.stm32cube.ide.mcu.externaltools.gnu-tools-for-stm32.9-2020-q2-update.win32_2.0.0.202105311346/tools/bin/../lib/gcc/arm-none-eabi/9.3.1/../../../../arm-none-eabi/lib/thumb/v7-m/nofp\libc_nano.a(lib_a-init.o)
 .ARM.attributes
                0x0000000000000368       0x2d d:/arm/stm32cubeide_1.7.0/stm32cubeide/plugins/com.st.stm32cube.ide.mcu.externaltools.gnu-tools-for-stm32.9-2020-q2-update.win32_2.0.0.202105311346/tools/bin/../lib/gcc/arm-none-eabi/9.3.1/../../../../arm-none-eabi/lib/thumb/v7-m/nofp\libc_nano.a(lib_a-memset.o)
 .ARM.attributes
                0x0000000000000395       0x2d d:/arm/stm32cubeide_1.7.0/stm32cubeide/plugins/com.st.stm32cube.ide.mcu.externaltools.gnu-tools-for-stm32.9-2020-q2-update.win32_2.0.0.202105311346/tools/bin/../lib/gcc/arm-none-eabi/9.3.1/../../../../arm-none-eabi/lib/thumb/v7-m/nofp\libc_nano.a(lib_a-sprintf.o)
 .ARM.attributes
                0x00000000000003c2       0x17 d:/arm/stm32cubeide_1.7.0/stm32cubeide/plugins/com.st.stm32cube.ide.mcu.externaltools.gnu-tools-for-stm32.9-2020-q2-update.win32_2.0.0.202105311346/tools/bin/../lib/gcc/arm-none-eabi/9.3.1/../../../../arm-none-eabi/lib/thumb/v7-m/nofp\libc_nano.a(lib_a-strlen.o)
 .ARM.attributes
                0x00000000000003d9       0x2d d:/arm/stm32cubeide_1.7.0/stm32cubeide/plugins/com.st.stm32cube.ide.mcu.externaltools.gnu-tools-for-stm32.9-2020-q2-update.win32_2.0.0.202105311346/tools/bin/../lib/gcc/arm-none-eabi/9.3.1/../../../../arm-none-eabi/lib/thumb/v7-m/nofp\libc_nano.a(lib_a-nano-svfprintf.o)
 .ARM.attributes
                0x0000000000000406       0x2d d:/arm/stm32cubeide_1.7.0/stm32cubeide/plugins/com.st.stm32cube.ide.mcu.externaltools.gnu-tools-for-stm32.9-2020-q2-update.win32_2.0.0.202105311346/tools/bin/../lib/gcc/arm-none-eabi/9.3.1/../../../../arm-none-eabi/lib/thumb/v7-m/nofp\libc_nano.a(lib_a-nano-vfprintf_i.o)
 .ARM.attributes
                0x0000000000000433       0x2d d:/arm/stm32cubeide_1.7.0/stm32cubeide/plugins/com.st.stm32cube.ide.mcu.externaltools.gnu-tools-for-stm32.9-2020-q2-update.win32_2.0.0.202105311346/tools/bin/../lib/gcc/arm-none-eabi/9.3.1/../../../../arm-none-eabi/lib/thumb/v7-m/nofp\libc_nano.a(lib_a-memchr-stub.o)
 .ARM.attributes
                0x0000000000000460       0x2d d:/arm/stm32cubeide_1.7.0/stm32cubeide/plugins/com.st.stm32cube.ide.mcu.externaltools.gnu-tools-for-stm32.9-2020-q2-update.win32_2.0.0.202105311346/tools/bin/../lib/gcc/arm-none-eabi/9.3.1/../../../../arm-none-eabi/lib/thumb/v7-m/nofp\libc_nano.a(lib_a-memcpy-stub.o)
 .ARM.attributes
                0x000000000000048d       0x2d d:/arm/stm32cubeide_1.7.0/stm32cubeide/plugins/com.st.stm32cube.ide.mcu.externaltools.gnu-tools-for-stm32.9-2020-q2-update.win32_2.0.0.202105311346/tools/bin/../lib/gcc/arm-none-eabi/9.3.1/../../../../arm-none-eabi/lib/thumb/v7-m/nofp\libc_nano.a(lib_a-memmove.o)
 .ARM.attributes
                0x00000000000004ba       0x2d d:/arm/stm32cubeide_1.7.0/stm32cubeide/plugins/com.st.stm32cube.ide.mcu.externaltools.gnu-tools-for-stm32.9-2020-q2-update.win32_2.0.0.202105311346/tools/bin/../lib/gcc/arm-none-eabi/9.3.1/../../../../arm-none-eabi/lib/thumb/v7-m/nofp\libc_nano.a(lib_a-nano-freer.o)
 .ARM.attributes
                0x00000000000004e7       0x2d d:/arm/stm32cubeide_1.7.0/stm32cubeide/plugins/com.st.stm32cube.ide.mcu.externaltools.gnu-tools-for-stm32.9-2020-q2-update.win32_2.0.0.202105311346/tools/bin/../lib/gcc/arm-none-eabi/9.3.1/../../../../arm-none-eabi/lib/thumb/v7-m/nofp\libc_nano.a(lib_a-nano-mallocr.o)
 .ARM.attributes
                0x0000000000000514       0x2d d:/arm/stm32cubeide_1.7.0/stm32cubeide/plugins/com.st.stm32cube.ide.mcu.externaltools.gnu-tools-for-stm32.9-2020-q2-update.win32_2.0.0.202105311346/tools/bin/../lib/gcc/arm-none-eabi/9.3.1/../../../../arm-none-eabi/lib/thumb/v7-m/nofp\libc_nano.a(lib_a-nano-reallocr.o)
 .ARM.attributes
                0x0000000000000541       0x2d d:/arm/stm32cubeide_1.7.0/stm32cubeide/plugins/com.st.stm32cube.ide.mcu.externaltools.gnu-tools-for-stm32.9-2020-q2-update.win32_2.0.0.202105311346/tools/bin/../lib/gcc/arm-none-eabi/9.3.1/../../../../arm-none-eabi/lib/thumb/v7-m/nofp\libc_nano.a(lib_a-sbrkr.o)
 .ARM.attributes
                0x000000000000056e       0x2d d:/arm/stm32cubeide_1.7.0/stm32cubeide/plugins/com.st.stm32cube.ide.mcu.externaltools.gnu-tools-for-stm32.9-2020-q2-update.win32_2.0.0.202105311346/tools/bin/../lib/gcc/arm-none-eabi/9.3.1/../../../../arm-none-eabi/lib/thumb/v7-m/nofp\libc_nano.a(lib_a-mlock.o)
 .ARM.attributes
                0x000000000000059b       0x2d d:/arm/stm32cubeide_1.7.0/stm32cubeide/plugins/com.st.stm32cube.ide.mcu.externaltools.gnu-tools-for-stm32.9-2020-q2-update.win32_2.0.0.202105311346/tools/bin/../lib/gcc/arm-none-eabi/9.3.1/../../../../arm-none-eabi/lib/thumb/v7-m/nofp\libc_nano.a(lib_a-nano-msizer.o)
 .ARM.attributes
                0x00000000000005c8       0x2d d:/arm/stm32cubeide_1.7.0/stm32cubeide/plugins/com.st.stm32cube.ide.mcu.externaltools.gnu-tools-for-stm32.9-2020-q2-update.win32_2.0.0.202105311346/tools/bin/../lib/gcc/arm-none-eabi/9.3.1/../../../../arm-none-eabi/lib/thumb/v7-m/nofp\libc_nano.a(lib_a-reent.o)
 .ARM.attributes
                0x00000000000005f5       0x2d d:/arm/stm32cubeide_1.7.0/stm32cubeide/plugins/com.st.stm32cube.ide.mcu.externaltools.gnu-tools-for-stm32.9-2020-q2-update.win32_2.0.0.202105311346/tools/bin/../lib/gcc/arm-none-eabi/9.3.1/../../../../arm-none-eabi/lib/thumb/v7-m/nofp\libc_nano.a(lib_a-lock.o)
 .ARM.attributes
                0x0000000000000622       0x1d d:/arm/stm32cubeide_1.7.0/stm32cubeide/plugins/com.st.stm32cube.ide.mcu.externaltools.gnu-tools-for-stm32.9-2020-q2-update.win32_2.0.0.202105311346/tools/bin/../lib/gcc/arm-none-eabi/9.3.1/thumb/v7-m/nofp\libgcc.a(_arm_muldf3.o)
 .ARM.attributes
                0x000000000000063f       0x1d d:/arm/stm32cubeide_1.7.0/stm32cubeide/plugins/com.st.stm32cube.ide.mcu.externaltools.gnu-tools-for-stm32.9-2020-q2-update.win32_2.0.0.202105311346/tools/bin/../lib/gcc/arm-none-eabi/9.3.1/thumb/v7-m/nofp\libgcc.a(_arm_addsubdf3.o)
 .ARM.attributes
                0x000000000000065c       0x1d d:/arm/stm32cubeide_1.7.0/stm32cubeide/plugins/com.st.stm32cube.ide.mcu.externaltools.gnu-tools-for-stm32.9-2020-q2-update.win32_2.0.0.202105311346/tools/bin/../lib/gcc/arm-none-eabi/9.3.1/thumb/v7-m/nofp\libgcc.a(_arm_fixunsdfsi.o)
 .ARM.attributes
                0x0000000000000679       0x1d d:/arm/stm32cubeide_1.7.0/stm32cubeide/plugins/com.st.stm32cube.ide.mcu.externaltools.gnu-tools-for-stm32.9-2020-q2-update.win32_2.0.0.202105311346/tools/bin/../lib/gcc/arm-none-eabi/9.3.1/thumb/v7-m/nofp/crtn.o
OUTPUT(LAB9.elf elf32-littlearm)
LOAD linker stubs
LOAD d:/arm/stm32cubeide_1.7.0/stm32cubeide/plugins/com.st.stm32cube.ide.mcu.externaltools.gnu-tools-for-stm32.9-2020-q2-update.win32_2.0.0.202105311346/tools/bin/../lib/gcc/arm-none-eabi/9.3.1/../../../../arm-none-eabi/lib/thumb/v7-m/nofp\libc.a
LOAD d:/arm/stm32cubeide_1.7.0/stm32cubeide/plugins/com.st.stm32cube.ide.mcu.externaltools.gnu-tools-for-stm32.9-2020-q2-update.win32_2.0.0.202105311346/tools/bin/../lib/gcc/arm-none-eabi/9.3.1/../../../../arm-none-eabi/lib/thumb/v7-m/nofp\libm.a
LOAD d:/arm/stm32cubeide_1.7.0/stm32cubeide/plugins/com.st.stm32cube.ide.mcu.externaltools.gnu-tools-for-stm32.9-2020-q2-update.win32_2.0.0.202105311346/tools/bin/../lib/gcc/arm-none-eabi/9.3.1/thumb/v7-m/nofp\libgcc.a

.debug_info     0x0000000000000000     0x8d8d
 .debug_info    0x0000000000000000      0x26c ./Core/Src/gpio.o
 .debug_info    0x000000000000026c     0x17cb ./Core/Src/lcd.o
 .debug_info    0x0000000000001a37     0x1245 ./Core/Src/main.o
 .debug_info    0x0000000000002c7c      0x2fc ./Core/Src/stm32f1xx_hal_msp.o
 .debug_info    0x0000000000002f78      0x84f ./Core/Src/stm32f1xx_it.o
 .debug_info    0x00000000000037c7      0xa25 ./Core/Src/sysmem.o
 .debug_info    0x00000000000041ec      0x2be ./Core/Src/system_stm32f1xx.o
 .debug_info    0x00000000000044aa      0x9e0 ./Core/Src/usart.o
 .debug_info    0x0000000000004e8a       0x22 ./Core/Startup/startup_stm32f103rctx.o
 .debug_info    0x0000000000004eac      0x7d0 ./Drivers/STM32F1xx_HAL_Driver/Src/stm32f1xx_hal.o
 .debug_info    0x000000000000567c      0xc42 ./Drivers/STM32F1xx_HAL_Driver/Src/stm32f1xx_hal_cortex.o
 .debug_info    0x00000000000062be      0x81e ./Drivers/STM32F1xx_HAL_Driver/Src/stm32f1xx_hal_dma.o
 .debug_info    0x0000000000006adc      0x701 ./Drivers/STM32F1xx_HAL_Driver/Src/stm32f1xx_hal_gpio.o
 .debug_info    0x00000000000071dd      0x88e ./Drivers/STM32F1xx_HAL_Driver/Src/stm32f1xx_hal_rcc.o
 .debug_info    0x0000000000007a6b     0x1322 ./Drivers/STM32F1xx_HAL_Driver/Src/stm32f1xx_hal_uart.o

.debug_abbrev   0x0000000000000000     0x1cf9
 .debug_abbrev  0x0000000000000000      0x11d ./Core/Src/gpio.o
 .debug_abbrev  0x000000000000011d      0x355 ./Core/Src/lcd.o
 .debug_abbrev  0x0000000000000472      0x26f ./Core/Src/main.o
 .debug_abbrev  0x00000000000006e1      0x11d ./Core/Src/stm32f1xx_hal_msp.o
 .debug_abbrev  0x00000000000007fe      0x225 ./Core/Src/stm32f1xx_it.o
 .debug_abbrev  0x0000000000000a23      0x1bf ./Core/Src/sysmem.o
 .debug_abbrev  0x0000000000000be2      0x14e ./Core/Src/system_stm32f1xx.o
 .debug_abbrev  0x0000000000000d30      0x1c4 ./Core/Src/usart.o
 .debug_abbrev  0x0000000000000ef4       0x12 ./Core/Startup/startup_stm32f103rctx.o
 .debug_abbrev  0x0000000000000f06      0x1ed ./Drivers/STM32F1xx_HAL_Driver/Src/stm32f1xx_hal.o
 .debug_abbrev  0x00000000000010f3      0x313 ./Drivers/STM32F1xx_HAL_Driver/Src/stm32f1xx_hal_cortex.o
 .debug_abbrev  0x0000000000001406      0x228 ./Drivers/STM32F1xx_HAL_Driver/Src/stm32f1xx_hal_dma.o
 .debug_abbrev  0x000000000000162e      0x1e8 ./Drivers/STM32F1xx_HAL_Driver/Src/stm32f1xx_hal_gpio.o
 .debug_abbrev  0x0000000000001816      0x273 ./Drivers/STM32F1xx_HAL_Driver/Src/stm32f1xx_hal_rcc.o
 .debug_abbrev  0x0000000000001a89      0x270 ./Drivers/STM32F1xx_HAL_Driver/Src/stm32f1xx_hal_uart.o

.debug_aranges  0x0000000000000000      0x7c8
 .debug_aranges
                0x0000000000000000       0x20 ./Core/Src/gpio.o
 .debug_aranges
                0x0000000000000020      0x118 ./Core/Src/lcd.o
 .debug_aranges
                0x0000000000000138       0x48 ./Core/Src/main.o
 .debug_aranges
                0x0000000000000180       0x20 ./Core/Src/stm32f1xx_hal_msp.o
 .debug_aranges
                0x00000000000001a0       0x70 ./Core/Src/stm32f1xx_it.o
 .debug_aranges
                0x0000000000000210       0x20 ./Core/Src/sysmem.o
 .debug_aranges
                0x0000000000000230       0x28 ./Core/Src/system_stm32f1xx.o
 .debug_aranges
                0x0000000000000258       0x30 ./Core/Src/usart.o
 .debug_aranges
                0x0000000000000288       0x28 ./Core/Startup/startup_stm32f103rctx.o
 .debug_aranges
                0x00000000000002b0       0xe0 ./Drivers/STM32F1xx_HAL_Driver/Src/stm32f1xx_hal.o
 .debug_aranges
                0x0000000000000390      0x100 ./Drivers/STM32F1xx_HAL_Driver/Src/stm32f1xx_hal_cortex.o
 .debug_aranges
                0x0000000000000490       0x80 ./Drivers/STM32F1xx_HAL_Driver/Src/stm32f1xx_hal_dma.o
 .debug_aranges
                0x0000000000000510       0x58 ./Drivers/STM32F1xx_HAL_Driver/Src/stm32f1xx_hal_gpio.o
 .debug_aranges
                0x0000000000000568       0x90 ./Drivers/STM32F1xx_HAL_Driver/Src/stm32f1xx_hal_rcc.o
 .debug_aranges
                0x00000000000005f8      0x1d0 ./Drivers/STM32F1xx_HAL_Driver/Src/stm32f1xx_hal_uart.o

.debug_ranges   0x0000000000000000      0x700
 .debug_ranges  0x0000000000000000       0x10 ./Core/Src/gpio.o
 .debug_ranges  0x0000000000000010      0x108 ./Core/Src/lcd.o
 .debug_ranges  0x0000000000000118       0x38 ./Core/Src/main.o
 .debug_ranges  0x0000000000000150       0x10 ./Core/Src/stm32f1xx_hal_msp.o
 .debug_ranges  0x0000000000000160       0x80 ./Core/Src/stm32f1xx_it.o
 .debug_ranges  0x00000000000001e0       0x10 ./Core/Src/sysmem.o
 .debug_ranges  0x00000000000001f0       0x18 ./Core/Src/system_stm32f1xx.o
 .debug_ranges  0x0000000000000208       0x20 ./Core/Src/usart.o
 .debug_ranges  0x0000000000000228       0x20 ./Core/Startup/startup_stm32f103rctx.o
 .debug_ranges  0x0000000000000248       0xd0 ./Drivers/STM32F1xx_HAL_Driver/Src/stm32f1xx_hal.o
 .debug_ranges  0x0000000000000318       0xf0 ./Drivers/STM32F1xx_HAL_Driver/Src/stm32f1xx_hal_cortex.o
 .debug_ranges  0x0000000000000408       0x70 ./Drivers/STM32F1xx_HAL_Driver/Src/stm32f1xx_hal_dma.o
 .debug_ranges  0x0000000000000478       0x48 ./Drivers/STM32F1xx_HAL_Driver/Src/stm32f1xx_hal_gpio.o
 .debug_ranges  0x00000000000004c0       0x80 ./Drivers/STM32F1xx_HAL_Driver/Src/stm32f1xx_hal_rcc.o
 .debug_ranges  0x0000000000000540      0x1c0 ./Drivers/STM32F1xx_HAL_Driver/Src/stm32f1xx_hal_uart.o

.debug_macro    0x0000000000000000    0x1961f
 .debug_macro   0x0000000000000000      0x1a2 ./Core/Src/gpio.o
 .debug_macro   0x00000000000001a2      0xa9c ./Core/Src/gpio.o
 .debug_macro   0x0000000000000c3e      0x215 ./Core/Src/gpio.o
 .debug_macro   0x0000000000000e53       0x2e ./Core/Src/gpio.o
 .debug_macro   0x0000000000000e81       0x22 ./Core/Src/gpio.o
 .debug_macro   0x0000000000000ea3       0x22 ./Core/Src/gpio.o
 .debug_macro   0x0000000000000ec5       0x8e ./Core/Src/gpio.o
 .debug_macro   0x0000000000000f53       0x51 ./Core/Src/gpio.o
 .debug_macro   0x0000000000000fa4      0x103 ./Core/Src/gpio.o
 .debug_macro   0x00000000000010a7       0x6a ./Core/Src/gpio.o
 .debug_macro   0x0000000000001111      0x1df ./Core/Src/gpio.o
 .debug_macro   0x00000000000012f0       0x1c ./Core/Src/gpio.o
 .debug_macro   0x000000000000130c       0x22 ./Core/Src/gpio.o
 .debug_macro   0x000000000000132e       0xc3 ./Core/Src/gpio.o
 .debug_macro   0x00000000000013f1      0xd23 ./Core/Src/gpio.o
 .debug_macro   0x0000000000002114     0xfd85 ./Core/Src/gpio.o
 .debug_macro   0x0000000000011e99       0x43 ./Core/Src/gpio.o
 .debug_macro   0x0000000000011edc     0x3468 ./Core/Src/gpio.o
 .debug_macro   0x0000000000015344      0x174 ./Core/Src/gpio.o
 .debug_macro   0x00000000000154b8       0x5c ./Core/Src/gpio.o
 .debug_macro   0x0000000000015514      0x5be ./Core/Src/gpio.o
 .debug_macro   0x0000000000015ad2      0x4d5 ./Core/Src/gpio.o
 .debug_macro   0x0000000000015fa7      0x1cb ./Core/Src/gpio.o
 .debug_macro   0x0000000000016172      0x114 ./Core/Src/gpio.o
 .debug_macro   0x0000000000016286      0x1ea ./Core/Src/gpio.o
 .debug_macro   0x0000000000016470       0x27 ./Core/Src/gpio.o
 .debug_macro   0x0000000000016497      0x144 ./Core/Src/gpio.o
 .debug_macro   0x00000000000165db      0x1bc ./Core/Src/gpio.o
 .debug_macro   0x0000000000016797       0x30 ./Core/Src/gpio.o
 .debug_macro   0x00000000000167c7       0x3c ./Core/Src/gpio.o
 .debug_macro   0x0000000000016803       0x57 ./Core/Src/gpio.o
 .debug_macro   0x000000000001685a       0x88 ./Core/Src/gpio.o
 .debug_macro   0x00000000000168e2      0x24f ./Core/Src/gpio.o
 .debug_macro   0x0000000000016b31      0x141 ./Core/Src/gpio.o
 .debug_macro   0x0000000000016c72      0x26b ./Core/Src/gpio.o
 .debug_macro   0x0000000000016edd       0xb5 ./Core/Src/gpio.o
 .debug_macro   0x0000000000016f92      0x27d ./Core/Src/lcd.o
 .debug_macro   0x000000000001720f       0x18 ./Core/Src/lcd.o
 .debug_macro   0x0000000000017227       0x52 ./Core/Src/lcd.o
 .debug_macro   0x0000000000017279       0x3c ./Core/Src/lcd.o
 .debug_macro   0x00000000000172b5       0x34 ./Core/Src/lcd.o
 .debug_macro   0x00000000000172e9       0x16 ./Core/Src/lcd.o
 .debug_macro   0x00000000000172ff       0x35 ./Core/Src/lcd.o
 .debug_macro   0x0000000000017334       0x16 ./Core/Src/lcd.o
 .debug_macro   0x000000000001734a       0x43 ./Core/Src/lcd.o
 .debug_macro   0x000000000001738d       0x34 ./Core/Src/lcd.o
 .debug_macro   0x00000000000173c1       0x10 ./Core/Src/lcd.o
 .debug_macro   0x00000000000173d1       0x58 ./Core/Src/lcd.o
 .debug_macro   0x0000000000017429       0x71 ./Core/Src/lcd.o
 .debug_macro   0x000000000001749a       0x1c ./Core/Src/lcd.o
 .debug_macro   0x00000000000174b6      0x12a ./Core/Src/lcd.o
 .debug_macro   0x00000000000175e0      0x333 ./Core/Src/lcd.o
 .debug_macro   0x0000000000017913       0x16 ./Core/Src/lcd.o
 .debug_macro   0x0000000000017929       0x29 ./Core/Src/lcd.o
 .debug_macro   0x0000000000017952      0x1dc ./Core/Src/lcd.o
 .debug_macro   0x0000000000017b2e      0x37c ./Core/Src/main.o
 .debug_macro   0x0000000000017eaa       0x1c ./Core/Src/main.o
 .debug_macro   0x0000000000017ec6       0x10 ./Core/Src/main.o
 .debug_macro   0x0000000000017ed6       0x10 ./Core/Src/main.o
 .debug_macro   0x0000000000017ee6       0x1c ./Core/Src/main.o
 .debug_macro   0x0000000000017f02       0x52 ./Core/Src/main.o
 .debug_macro   0x0000000000017f54       0x22 ./Core/Src/main.o
 .debug_macro   0x0000000000017f76       0x10 ./Core/Src/main.o
 .debug_macro   0x0000000000017f86       0x40 ./Core/Src/main.o
 .debug_macro   0x0000000000017fc6       0xd5 ./Core/Src/main.o
 .debug_macro   0x000000000001809b       0x1c ./Core/Src/main.o
 .debug_macro   0x00000000000180b7       0x3d ./Core/Src/main.o
 .debug_macro   0x00000000000180f4       0x16 ./Core/Src/main.o
 .debug_macro   0x000000000001810a      0x145 ./Core/Src/main.o
 .debug_macro   0x000000000001824f       0x16 ./Core/Src/main.o
 .debug_macro   0x0000000000018265       0x20 ./Core/Src/main.o
 .debug_macro   0x0000000000018285      0x198 ./Core/Src/stm32f1xx_hal_msp.o
 .debug_macro   0x000000000001841d      0x1a2 ./Core/Src/stm32f1xx_it.o
 .debug_macro   0x00000000000185bf       0xff ./Core/Src/sysmem.o
 .debug_macro   0x00000000000186be      0x23b ./Core/Src/sysmem.o
 .debug_macro   0x00000000000188f9      0x18e ./Core/Src/system_stm32f1xx.o
 .debug_macro   0x0000000000018a87      0x1a2 ./Core/Src/usart.o
 .debug_macro   0x0000000000018c29      0x1b2 ./Drivers/STM32F1xx_HAL_Driver/Src/stm32f1xx_hal.o
 .debug_macro   0x0000000000018ddb      0x18e ./Drivers/STM32F1xx_HAL_Driver/Src/stm32f1xx_hal_cortex.o
 .debug_macro   0x0000000000018f69      0x18e ./Drivers/STM32F1xx_HAL_Driver/Src/stm32f1xx_hal_dma.o
 .debug_macro   0x00000000000190f7      0x1f9 ./Drivers/STM32F1xx_HAL_Driver/Src/stm32f1xx_hal_gpio.o
 .debug_macro   0x00000000000192f0      0x1a0 ./Drivers/STM32F1xx_HAL_Driver/Src/stm32f1xx_hal_rcc.o
 .debug_macro   0x0000000000019490      0x18f ./Drivers/STM32F1xx_HAL_Driver/Src/stm32f1xx_hal_uart.o

.debug_line     0x0000000000000000     0xa330
 .debug_line    0x0000000000000000      0x64c ./Core/Src/gpio.o
 .debug_line    0x000000000000064c     0x1d98 ./Core/Src/lcd.o
 .debug_line    0x00000000000023e4      0x9dd ./Core/Src/main.o
 .debug_line    0x0000000000002dc1      0x651 ./Core/Src/stm32f1xx_hal_msp.o
 .debug_line    0x0000000000003412      0x844 ./Core/Src/stm32f1xx_it.o
 .debug_line    0x0000000000003c56      0x4fd ./Core/Src/sysmem.o
 .debug_line    0x0000000000004153      0x6ce ./Core/Src/system_stm32f1xx.o
 .debug_line    0x0000000000004821      0x6c0 ./Core/Src/usart.o
 .debug_line    0x0000000000004ee1       0x84 ./Core/Startup/startup_stm32f103rctx.o
 .debug_line    0x0000000000004f65      0x8fb ./Drivers/STM32F1xx_HAL_Driver/Src/stm32f1xx_hal.o
 .debug_line    0x0000000000005860      0xae3 ./Drivers/STM32F1xx_HAL_Driver/Src/stm32f1xx_hal_cortex.o
 .debug_line    0x0000000000006343     0x1225 ./Drivers/STM32F1xx_HAL_Driver/Src/stm32f1xx_hal_dma.o
 .debug_line    0x0000000000007568      0x9ba ./Drivers/STM32F1xx_HAL_Driver/Src/stm32f1xx_hal_gpio.o
 .debug_line    0x0000000000007f22      0xd09 ./Drivers/STM32F1xx_HAL_Driver/Src/stm32f1xx_hal_rcc.o
 .debug_line    0x0000000000008c2b     0x1705 ./Drivers/STM32F1xx_HAL_Driver/Src/stm32f1xx_hal_uart.o

.debug_str      0x0000000000000000    0x90f9d
 .debug_str     0x0000000000000000    0x8a25f ./Core/Src/gpio.o
                                      0x8a65e (size before relaxing)
 .debug_str     0x000000000008a25f     0x3b0b ./Core/Src/lcd.o
                                      0x8e1f2 (size before relaxing)
 .debug_str     0x000000000008dd6a     0x14e4 ./Core/Src/main.o
                                      0x8f3bb (size before relaxing)
 .debug_str     0x000000000008f24e       0x5a ./Core/Src/stm32f1xx_hal_msp.o
                                      0x8a68e (size before relaxing)
 .debug_str     0x000000000008f2a8      0x13d ./Core/Src/stm32f1xx_it.o
                                      0x8aad6 (size before relaxing)
 .debug_str     0x000000000008f3e5      0x4e9 ./Core/Src/sysmem.o
                                       0x6262 (size before relaxing)
 .debug_str     0x000000000008f8ce       0x52 ./Core/Src/system_stm32f1xx.o
                                      0x8a67b (size before relaxing)
 .debug_str     0x000000000008f920      0x363 ./Core/Src/usart.o
                                      0x8ae5a (size before relaxing)
 .debug_str     0x000000000008fc83       0x36 ./Core/Startup/startup_stm32f103rctx.o
                                         0x76 (size before relaxing)
 .debug_str     0x000000000008fcb9      0x304 ./Drivers/STM32F1xx_HAL_Driver/Src/stm32f1xx_hal.o
                                      0x8adf0 (size before relaxing)
 .debug_str     0x000000000008ffbd      0x300 ./Drivers/STM32F1xx_HAL_Driver/Src/stm32f1xx_hal_cortex.o
                                      0x8adf8 (size before relaxing)
 .debug_str     0x00000000000902bd      0x235 ./Drivers/STM32F1xx_HAL_Driver/Src/stm32f1xx_hal_dma.o
                                      0x8aa56 (size before relaxing)
 .debug_str     0x00000000000904f2      0x33b ./Drivers/STM32F1xx_HAL_Driver/Src/stm32f1xx_hal_gpio.o
                                      0x8aa3f (size before relaxing)
 .debug_str     0x000000000009082d      0x24f ./Drivers/STM32F1xx_HAL_Driver/Src/stm32f1xx_hal_rcc.o
                                      0x8aa78 (size before relaxing)
 .debug_str     0x0000000000090a7c      0x521 ./Drivers/STM32F1xx_HAL_Driver/Src/stm32f1xx_hal_uart.o
                                      0x8af7e (size before relaxing)

.comment        0x0000000000000000       0x53
 .comment       0x0000000000000000       0x53 ./Core/Src/gpio.o
                                         0x54 (size before relaxing)
 .comment       0x0000000000000053       0x54 ./Core/Src/lcd.o
 .comment       0x0000000000000053       0x54 ./Core/Src/main.o
 .comment       0x0000000000000053       0x54 ./Core/Src/stm32f1xx_hal_msp.o
 .comment       0x0000000000000053       0x54 ./Core/Src/stm32f1xx_it.o
 .comment       0x0000000000000053       0x54 ./Core/Src/sysmem.o
 .comment       0x0000000000000053       0x54 ./Core/Src/system_stm32f1xx.o
 .comment       0x0000000000000053       0x54 ./Core/Src/usart.o
 .comment       0x0000000000000053       0x54 ./Drivers/STM32F1xx_HAL_Driver/Src/stm32f1xx_hal.o
 .comment       0x0000000000000053       0x54 ./Drivers/STM32F1xx_HAL_Driver/Src/stm32f1xx_hal_cortex.o
 .comment       0x0000000000000053       0x54 ./Drivers/STM32F1xx_HAL_Driver/Src/stm32f1xx_hal_dma.o
 .comment       0x0000000000000053       0x54 ./Drivers/STM32F1xx_HAL_Driver/Src/stm32f1xx_hal_gpio.o
 .comment       0x0000000000000053       0x54 ./Drivers/STM32F1xx_HAL_Driver/Src/stm32f1xx_hal_rcc.o
 .comment       0x0000000000000053       0x54 ./Drivers/STM32F1xx_HAL_Driver/Src/stm32f1xx_hal_uart.o

.debug_frame    0x0000000000000000     0x22e4
 .debug_frame   0x0000000000000000       0x38 ./Core/Src/gpio.o
 .debug_frame   0x0000000000000038      0x4d4 ./Core/Src/lcd.o
 .debug_frame   0x000000000000050c       0xe0 ./Core/Src/main.o
 .debug_frame   0x00000000000005ec       0x38 ./Core/Src/stm32f1xx_hal_msp.o
 .debug_frame   0x0000000000000624      0x150 ./Core/Src/stm32f1xx_it.o
 .debug_frame   0x0000000000000774       0x34 ./Core/Src/sysmem.o
 .debug_frame   0x00000000000007a8       0x58 ./Core/Src/system_stm32f1xx.o
 .debug_frame   0x0000000000000800       0x74 ./Core/Src/usart.o
 .debug_frame   0x0000000000000874      0x334 ./Drivers/STM32F1xx_HAL_Driver/Src/stm32f1xx_hal.o
 .debug_frame   0x0000000000000ba8      0x428 ./Drivers/STM32F1xx_HAL_Driver/Src/stm32f1xx_hal_cortex.o
 .debug_frame   0x0000000000000fd0      0x20c ./Drivers/STM32F1xx_HAL_Driver/Src/stm32f1xx_hal_dma.o
 .debug_frame   0x00000000000011dc      0x14c ./Drivers/STM32F1xx_HAL_Driver/Src/stm32f1xx_hal_gpio.o
 .debug_frame   0x0000000000001328      0x21c ./Drivers/STM32F1xx_HAL_Driver/Src/stm32f1xx_hal_rcc.o
 .debug_frame   0x0000000000001544      0x834 ./Drivers/STM32F1xx_HAL_Driver/Src/stm32f1xx_hal_uart.o
 .debug_frame   0x0000000000001d78       0x20 d:/arm/stm32cubeide_1.7.0/stm32cubeide/plugins/com.st.stm32cube.ide.mcu.externaltools.gnu-tools-for-stm32.9-2020-q2-update.win32_2.0.0.202105311346/tools/bin/../lib/gcc/arm-none-eabi/9.3.1/../../../../arm-none-eabi/lib/thumb/v7-m/nofp\libc_nano.a(lib_a-errno.o)
 .debug_frame   0x0000000000001d98       0x2c d:/arm/stm32cubeide_1.7.0/stm32cubeide/plugins/com.st.stm32cube.ide.mcu.externaltools.gnu-tools-for-stm32.9-2020-q2-update.win32_2.0.0.202105311346/tools/bin/../lib/gcc/arm-none-eabi/9.3.1/../../../../arm-none-eabi/lib/thumb/v7-m/nofp\libc_nano.a(lib_a-init.o)
 .debug_frame   0x0000000000001dc4       0x20 d:/arm/stm32cubeide_1.7.0/stm32cubeide/plugins/com.st.stm32cube.ide.mcu.externaltools.gnu-tools-for-stm32.9-2020-q2-update.win32_2.0.0.202105311346/tools/bin/../lib/gcc/arm-none-eabi/9.3.1/../../../../arm-none-eabi/lib/thumb/v7-m/nofp\libc_nano.a(lib_a-memset.o)
 .debug_frame   0x0000000000001de4       0x6c d:/arm/stm32cubeide_1.7.0/stm32cubeide/plugins/com.st.stm32cube.ide.mcu.externaltools.gnu-tools-for-stm32.9-2020-q2-update.win32_2.0.0.202105311346/tools/bin/../lib/gcc/arm-none-eabi/9.3.1/../../../../arm-none-eabi/lib/thumb/v7-m/nofp\libc_nano.a(lib_a-sprintf.o)
 .debug_frame   0x0000000000001e50       0x90 d:/arm/stm32cubeide_1.7.0/stm32cubeide/plugins/com.st.stm32cube.ide.mcu.externaltools.gnu-tools-for-stm32.9-2020-q2-update.win32_2.0.0.202105311346/tools/bin/../lib/gcc/arm-none-eabi/9.3.1/../../../../arm-none-eabi/lib/thumb/v7-m/nofp\libc_nano.a(lib_a-nano-svfprintf.o)
 .debug_frame   0x0000000000001ee0       0x60 d:/arm/stm32cubeide_1.7.0/stm32cubeide/plugins/com.st.stm32cube.ide.mcu.externaltools.gnu-tools-for-stm32.9-2020-q2-update.win32_2.0.0.202105311346/tools/bin/../lib/gcc/arm-none-eabi/9.3.1/../../../../arm-none-eabi/lib/thumb/v7-m/nofp\libc_nano.a(lib_a-nano-vfprintf_i.o)
 .debug_frame   0x0000000000001f40       0x28 d:/arm/stm32cubeide_1.7.0/stm32cubeide/plugins/com.st.stm32cube.ide.mcu.externaltools.gnu-tools-for-stm32.9-2020-q2-update.win32_2.0.0.202105311346/tools/bin/../lib/gcc/arm-none-eabi/9.3.1/../../../../arm-none-eabi/lib/thumb/v7-m/nofp\libc_nano.a(lib_a-memchr-stub.o)
 .debug_frame   0x0000000000001f68       0x28 d:/arm/stm32cubeide_1.7.0/stm32cubeide/plugins/com.st.stm32cube.ide.mcu.externaltools.gnu-tools-for-stm32.9-2020-q2-update.win32_2.0.0.202105311346/tools/bin/../lib/gcc/arm-none-eabi/9.3.1/../../../../arm-none-eabi/lib/thumb/v7-m/nofp\libc_nano.a(lib_a-memcpy-stub.o)
 .debug_frame   0x0000000000001f90       0x28 d:/arm/stm32cubeide_1.7.0/stm32cubeide/plugins/com.st.stm32cube.ide.mcu.externaltools.gnu-tools-for-stm32.9-2020-q2-update.win32_2.0.0.202105311346/tools/bin/../lib/gcc/arm-none-eabi/9.3.1/../../../../arm-none-eabi/lib/thumb/v7-m/nofp\libc_nano.a(lib_a-memmove.o)
 .debug_frame   0x0000000000001fb8       0x38 d:/arm/stm32cubeide_1.7.0/stm32cubeide/plugins/com.st.stm32cube.ide.mcu.externaltools.gnu-tools-for-stm32.9-2020-q2-update.win32_2.0.0.202105311346/tools/bin/../lib/gcc/arm-none-eabi/9.3.1/../../../../arm-none-eabi/lib/thumb/v7-m/nofp\libc_nano.a(lib_a-nano-freer.o)
 .debug_frame   0x0000000000001ff0       0x30 d:/arm/stm32cubeide_1.7.0/stm32cubeide/plugins/com.st.stm32cube.ide.mcu.externaltools.gnu-tools-for-stm32.9-2020-q2-update.win32_2.0.0.202105311346/tools/bin/../lib/gcc/arm-none-eabi/9.3.1/../../../../arm-none-eabi/lib/thumb/v7-m/nofp\libc_nano.a(lib_a-nano-mallocr.o)
 .debug_frame   0x0000000000002020       0x3c d:/arm/stm32cubeide_1.7.0/stm32cubeide/plugins/com.st.stm32cube.ide.mcu.externaltools.gnu-tools-for-stm32.9-2020-q2-update.win32_2.0.0.202105311346/tools/bin/../lib/gcc/arm-none-eabi/9.3.1/../../../../arm-none-eabi/lib/thumb/v7-m/nofp\libc_nano.a(lib_a-nano-reallocr.o)
 .debug_frame   0x000000000000205c       0x2c d:/arm/stm32cubeide_1.7.0/stm32cubeide/plugins/com.st.stm32cube.ide.mcu.externaltools.gnu-tools-for-stm32.9-2020-q2-update.win32_2.0.0.202105311346/tools/bin/../lib/gcc/arm-none-eabi/9.3.1/../../../../arm-none-eabi/lib/thumb/v7-m/nofp\libc_nano.a(lib_a-sbrkr.o)
 .debug_frame   0x0000000000002088       0x30 d:/arm/stm32cubeide_1.7.0/stm32cubeide/plugins/com.st.stm32cube.ide.mcu.externaltools.gnu-tools-for-stm32.9-2020-q2-update.win32_2.0.0.202105311346/tools/bin/../lib/gcc/arm-none-eabi/9.3.1/../../../../arm-none-eabi/lib/thumb/v7-m/nofp\libc_nano.a(lib_a-mlock.o)
 .debug_frame   0x00000000000020b8       0x20 d:/arm/stm32cubeide_1.7.0/stm32cubeide/plugins/com.st.stm32cube.ide.mcu.externaltools.gnu-tools-for-stm32.9-2020-q2-update.win32_2.0.0.202105311346/tools/bin/../lib/gcc/arm-none-eabi/9.3.1/../../../../arm-none-eabi/lib/thumb/v7-m/nofp\libc_nano.a(lib_a-nano-msizer.o)
 .debug_frame   0x00000000000020d8       0x5c d:/arm/stm32cubeide_1.7.0/stm32cubeide/plugins/com.st.stm32cube.ide.mcu.externaltools.gnu-tools-for-stm32.9-2020-q2-update.win32_2.0.0.202105311346/tools/bin/../lib/gcc/arm-none-eabi/9.3.1/../../../../arm-none-eabi/lib/thumb/v7-m/nofp\libc_nano.a(lib_a-reent.o)
 .debug_frame   0x0000000000002134       0xb0 d:/arm/stm32cubeide_1.7.0/stm32cubeide/plugins/com.st.stm32cube.ide.mcu.externaltools.gnu-tools-for-stm32.9-2020-q2-update.win32_2.0.0.202105311346/tools/bin/../lib/gcc/arm-none-eabi/9.3.1/../../../../arm-none-eabi/lib/thumb/v7-m/nofp\libc_nano.a(lib_a-lock.o)
 .debug_frame   0x00000000000021e4       0x30 d:/arm/stm32cubeide_1.7.0/stm32cubeide/plugins/com.st.stm32cube.ide.mcu.externaltools.gnu-tools-for-stm32.9-2020-q2-update.win32_2.0.0.202105311346/tools/bin/../lib/gcc/arm-none-eabi/9.3.1/thumb/v7-m/nofp\libgcc.a(_arm_muldf3.o)
 .debug_frame   0x0000000000002214       0xac d:/arm/stm32cubeide_1.7.0/stm32cubeide/plugins/com.st.stm32cube.ide.mcu.externaltools.gnu-tools-for-stm32.9-2020-q2-update.win32_2.0.0.202105311346/tools/bin/../lib/gcc/arm-none-eabi/9.3.1/thumb/v7-m/nofp\libgcc.a(_arm_addsubdf3.o)
 .debug_frame   0x00000000000022c0       0x24 d:/arm/stm32cubeide_1.7.0/stm32cubeide/plugins/com.st.stm32cube.ide.mcu.externaltools.gnu-tools-for-stm32.9-2020-q2-update.win32_2.0.0.202105311346/tools/bin/../lib/gcc/arm-none-eabi/9.3.1/thumb/v7-m/nofp\libgcc.a(_arm_fixunsdfsi.o)
